Component: ARM Compiler 5.06 update 6 (build 750) Tool: armlink [4d35ed]

==============================================================================

Section Cross References

    startup_stm32f103xg.o(STACK) refers (Special) to heapauxi.o(.text) for __use_two_region_memory
    startup_stm32f103xg.o(HEAP) refers (Special) to heapauxi.o(.text) for __use_two_region_memory
    startup_stm32f103xg.o(RESET) refers (Special) to heapauxi.o(.text) for __use_two_region_memory
    startup_stm32f103xg.o(RESET) refers to startup_stm32f103xg.o(STACK) for __initial_sp
    startup_stm32f103xg.o(RESET) refers to startup_stm32f103xg.o(.text) for Reset_Handler
    startup_stm32f103xg.o(RESET) refers to stm32f1xx_it.o(i.NMI_Handler) for NMI_Handler
    startup_stm32f103xg.o(RESET) refers to stm32f1xx_it.o(i.HardFault_Handler) for HardFault_Handler
    startup_stm32f103xg.o(RESET) refers to stm32f1xx_it.o(i.MemManage_Handler) for MemManage_Handler
    startup_stm32f103xg.o(RESET) refers to stm32f1xx_it.o(i.BusFault_Handler) for BusFault_Handler
    startup_stm32f103xg.o(RESET) refers to stm32f1xx_it.o(i.UsageFault_Handler) for UsageFault_Handler
    startup_stm32f103xg.o(RESET) refers to stm32f1xx_it.o(i.DebugMon_Handler) for DebugMon_Handler
    startup_stm32f103xg.o(RESET) refers to stm32f1xx_it.o(i.SysTick_Handler) for SysTick_Handler
    startup_stm32f103xg.o(RESET) refers to exti.o(i.EXTI0_IRQHandler) for EXTI0_IRQHandler
    startup_stm32f103xg.o(RESET) refers to usart.o(i.DMA1_Channel1_IRQHandler) for DMA1_Channel1_IRQHandler
    startup_stm32f103xg.o(RESET) refers to usart.o(i.USART1_IRQHandler) for USART1_IRQHandler
    startup_stm32f103xg.o(RESET) refers to usart.o(i.USART2_IRQHandler) for USART2_IRQHandler
    startup_stm32f103xg.o(RESET) refers to usart.o(i.USART3_IRQHandler) for USART3_IRQHandler
    startup_stm32f103xg.o(.text) refers (Special) to heapauxi.o(.text) for __use_two_region_memory
    startup_stm32f103xg.o(.text) refers to system_stm32f1xx.o(i.SystemInit) for SystemInit
    startup_stm32f103xg.o(.text) refers to __main.o(!!!main) for __main
    startup_stm32f103xg.o(.text) refers to startup_stm32f103xg.o(HEAP) for Heap_Mem
    startup_stm32f103xg.o(.text) refers to startup_stm32f103xg.o(STACK) for Stack_Mem
    stm32f1xx_hal.o(i.HAL_DeInit) refers to stm32f1xx_hal.o(i.HAL_MspDeInit) for HAL_MspDeInit
    stm32f1xx_hal.o(i.HAL_Delay) refers to stm32f1xx_hal.o(i.HAL_GetTick) for HAL_GetTick
    stm32f1xx_hal.o(i.HAL_GetTick) refers to stm32f1xx_hal.o(.data) for uwTick
    stm32f1xx_hal.o(i.HAL_IncTick) refers to stm32f1xx_hal.o(.data) for uwTick
    stm32f1xx_hal.o(i.HAL_Init) refers to stm32f1xx_hal_cortex.o(i.HAL_NVIC_SetPriorityGrouping) for HAL_NVIC_SetPriorityGrouping
    stm32f1xx_hal.o(i.HAL_Init) refers to stm32f1xx_hal.o(i.HAL_InitTick) for HAL_InitTick
    stm32f1xx_hal.o(i.HAL_Init) refers to stm32f1xx_hal_msp.o(i.HAL_MspInit) for HAL_MspInit
    stm32f1xx_hal.o(i.HAL_InitTick) refers to stm32f1xx_hal_rcc.o(i.HAL_RCC_GetHCLKFreq) for HAL_RCC_GetHCLKFreq
    stm32f1xx_hal.o(i.HAL_InitTick) refers to stm32f1xx_hal_cortex.o(i.HAL_SYSTICK_Config) for HAL_SYSTICK_Config
    stm32f1xx_hal.o(i.HAL_InitTick) refers to stm32f1xx_hal_cortex.o(i.HAL_NVIC_SetPriority) for HAL_NVIC_SetPriority
    stm32f1xx_hal_cortex.o(i.HAL_NVIC_GetPriorityGrouping) refers to stm32f1xx_hal_cortex.o(i.NVIC_GetPriorityGrouping) for NVIC_GetPriorityGrouping
    stm32f1xx_hal_cortex.o(i.HAL_NVIC_SetPriority) refers to stm32f1xx_hal_cortex.o(i.NVIC_GetPriorityGrouping) for NVIC_GetPriorityGrouping
    stm32f1xx_hal_cortex.o(i.HAL_NVIC_SetPriority) refers to stm32f1xx_hal_cortex.o(i.NVIC_SetPriority) for NVIC_SetPriority
    stm32f1xx_hal_cortex.o(i.HAL_SYSTICK_Config) refers to stm32f1xx_hal_cortex.o(i.NVIC_SetPriority) for NVIC_SetPriority
    stm32f1xx_hal_cortex.o(i.HAL_SYSTICK_IRQHandler) refers to stm32f1xx_hal_cortex.o(i.HAL_SYSTICK_Callback) for HAL_SYSTICK_Callback
    stm32f1xx_hal_flash.o(i.FLASH_Program_HalfWord) refers to stm32f1xx_hal_flash.o(.bss) for pFlash
    stm32f1xx_hal_flash.o(i.FLASH_SetErrorCode) refers to stm32f1xx_hal_flash.o(.bss) for pFlash
    stm32f1xx_hal_flash.o(i.FLASH_WaitForLastOperation) refers to stm32f1xx_hal.o(i.HAL_GetTick) for HAL_GetTick
    stm32f1xx_hal_flash.o(i.FLASH_WaitForLastOperation) refers to stm32f1xx_hal_flash.o(i.FLASH_SetErrorCode) for FLASH_SetErrorCode
    stm32f1xx_hal_flash.o(i.HAL_FLASH_GetError) refers to stm32f1xx_hal_flash.o(.bss) for pFlash
    stm32f1xx_hal_flash.o(i.HAL_FLASH_IRQHandler) refers to stm32f1xx_hal_flash.o(i.FLASH_SetErrorCode) for FLASH_SetErrorCode
    stm32f1xx_hal_flash.o(i.HAL_FLASH_IRQHandler) refers to stm32f1xx_hal_flash.o(i.HAL_FLASH_OperationErrorCallback) for HAL_FLASH_OperationErrorCallback
    stm32f1xx_hal_flash.o(i.HAL_FLASH_IRQHandler) refers to stm32f1xx_hal_flash.o(i.HAL_FLASH_EndOfOperationCallback) for HAL_FLASH_EndOfOperationCallback
[...]
    Removing stm32f1xx_hal_adc_ex.o(.rrx_text), (6 bytes).
    Removing stm32f1xx_hal_adc_ex.o(i.HAL_ADCEx_InjectedConfigChannel), (692 bytes).
    Removing stm32f1xx_hal_adc_ex.o(i.HAL_ADCEx_InjectedConvCpltCallback), (2 bytes).
    Removing stm32f1xx_hal_adc_ex.o(i.HAL_ADCEx_InjectedGetValue), (50 bytes).
    Removing stm32f1xx_hal_adc_ex.o(i.HAL_ADCEx_InjectedPollForConversion), (348 bytes).
    Removing stm32f1xx_hal_adc_ex.o(i.HAL_ADCEx_InjectedStart), (236 bytes).
    Removing stm32f1xx_hal_adc_ex.o(i.HAL_ADCEx_InjectedStart_IT), (248 bytes).
    Removing stm32f1xx_hal_adc_ex.o(i.HAL_ADCEx_InjectedStop), (94 bytes).
    Removing stm32f1xx_hal_adc_ex.o(i.HAL_ADCEx_InjectedStop_IT), (106 bytes).
    Removing stm32f1xx_hal_adc_ex.o(i.HAL_ADCEx_MultiModeConfigChannel), (116 bytes).
    Removing stm32f1xx_hal_adc_ex.o(i.HAL_ADCEx_MultiModeGetValue), (36 bytes).
    Removing stm32f1xx_hal_adc_ex.o(i.HAL_ADCEx_MultiModeStart_DMA), (280 bytes).
    Removing stm32f1xx_hal_adc_ex.o(i.HAL_ADCEx_MultiModeStop_DMA), (180 bytes).
    Removing exti.o(.rev16_text), (4 bytes).
    Removing exti.o(.revsh_text), (4 bytes).
    Removing exti.o(.rrx_text), (6 bytes).
    Removing exti.o(i.EXTIx_Init), (476 bytes).
    Removing exti.o(.data), (1 bytes).
    Removing adc.o(.rev16_text), (4 bytes).
    Removing adc.o(.revsh_text), (4 bytes).
    Removing adc.o(.rrx_text), (6 bytes).
    Removing adc.o(i.ADC_DisableVbat), (2 bytes).
    Removing adc.o(i.ADC_EnableVbat), (2 bytes).
    Removing adc.o(i.ADC_InitADC), (2 bytes).
    Removing adc.o(i.ADC_ReadVbat), (6 bytes).
    Removing adc.o(.data), (3 bytes).
    Removing sys.o(.rev16_text), (4 bytes).
    Removing sys.o(.revsh_text), (4 bytes).
    Removing sys.o(.rrx_text), (6 bytes).
    Removing sys.o(i.GPIO_Set), (200 bytes).
    Removing sys.o(i.delay_us), (22 bytes).
    Removing sys.o(i.digitalRead), (36 bytes).
    Removing sys.o(i.micros), (82 bytes).
    Removing usart.o(.rev16_text), (4 bytes).
    Removing usart.o(.revsh_text), (4 bytes).
    Removing usart.o(.rrx_text), (6 bytes).
    Removing usart.o(i.DMA_USARTx_Init), (328 bytes).
    Removing usart.o(i.UART4_ReceiveHandler), (2 bytes).
    Removing usart.o(i.UART5_ReceiveHandler), (2 bytes).
    Removing usart.o(i.UART7_ReceiveHandler), (2 bytes).
    Removing usart.o(i.UART8_ReceiveHandler), (2 bytes).
    Removing usart.o(i.USART1_ReceiveHandler), (2 bytes).
    Removing usart.o(i.USART2_ReceiveHandler), (2 bytes).
    Removing usart.o(i.USART3_ReceiveHandler), (2 bytes).
    Removing usart.o(i.USART6_ReceiveHandler), (2 bytes).
    Removing usart.o(i.USART_BufferEmpty), (24 bytes).
    Removing usart.o(i.USART_BufferFull), (28 bytes).
    Removing usart.o(i.USART_ClearBuffer), (22 bytes).
    Removing usart.o(i.USART_FindCharacter), (60 bytes).
    Removing usart.o(i.USART_Getc), (54 bytes).
    Removing usart.o(i.USART_Gets), (86 bytes).
    Removing usart.o(i.USART_INT_GetUSARTBuffer), (52 bytes).
    Removing usart.o(i.USART_InitCustomPinsCallback), (2 bytes).
    Removing usart.o(i.USART_Send), (46 bytes).
    Removing main.o(.rev16_text), (4 bytes).
    Removing main.o(.revsh_text), (4 bytes).
    Removing main.o(.rrx_text), (6 bytes).
    Removing main.o(i.HAL_UART_RxCpltCallback), (24 bytes).
    Removing main.o(.bss), (200 bytes).
    Removing stm32f1xx_hal_msp.o(.rev16_text), (4 bytes).
    Removing stm32f1xx_hal_msp.o(.revsh_text), (4 bytes).
    Removing stm32f1xx_hal_msp.o(.rrx_text), (6 bytes).
    Removing stm32f1xx_it.o(.rev16_text), (4 bytes).
    Removing stm32f1xx_it.o(.revsh_text), (4 bytes).
    Removing stm32f1xx_it.o(.rrx_text), (6 bytes).
    Removing system_stm32f1xx.o(.rev16_text), (4 bytes).
    Removing system_stm32f1xx.o(.revsh_text), (4 bytes).
    Removing system_stm32f1xx.o(.rrx_text), (6 bytes).
    Removing system_stm32f1xx.o(i.SystemCoreClockUpdate), (164 bytes).
    Removing system_stm32f1xx.o(.constdata), (16 bytes).

252 unused section(s) (total 16164 bytes) removed from the image.

==============================================================================

Image Symbol Table

    Local Symbols

    Symbol Name                              Value     Ov Type        Size  Object(Section)

    ../clib/angel/boardlib.s                 0x00000000   Number         0  boardinit1.o ABSOLUTE
    ../clib/angel/boardlib.s                 0x00000000   Number         0  boardinit2.o ABSOLUTE
    ../clib/angel/boardlib.s                 0x00000000   Number         0  boardinit3.o ABSOLUTE
    ../clib/angel/boardlib.s                 0x00000000   Number         0  boardshut.o ABSOLUTE
    ../clib/angel/handlers.s                 0x00000000   Number         0  __scatter_zi.o ABSOLUTE
    ../clib/angel/handlers.s                 0x00000000   Number         0  __scatter_copy.o ABSOLUTE
    ../clib/angel/kernel.s                   0x00000000   Number         0  __rtentry4.o ABSOLUTE
    ../clib/angel/kernel.s                   0x00000000   Number         0  __rtentry.o ABSOLUTE
    ../clib/angel/kernel.s                   0x00000000   Number         0  rtexit.o ABSOLUTE
    ../clib/angel/kernel.s                   0x00000000   Number         0  rtexit2.o ABSOLUTE
    ../clib/angel/kernel.s                   0x00000000   Number         0  __rtentry2.o ABSOLUTE
    ../clib/angel/rt.s                       0x00000000   Number         0  rt_raise.o ABSOLUTE
    ../clib/angel/scatter.s                  0x00000000   Number         0  __scatter.o ABSOLUTE
    ../clib/angel/startup.s                  0x00000000   Number         0  __main.o ABSOLUTE
    ../clib/angel/sys.s                      0x00000000   Number         0  sys_stackheap_outer.o ABSOLUTE
    ../clib/angel/sys.s                      0x00000000   Number         0  libspace.o ABSOLUTE
    ../clib/angel/sys.s                      0x00000000   Number         0  use_no_semi.o ABSOLUTE
    ../clib/angel/sys.s                      0x00000000   Number         0  indicate_semi.o ABSOLUTE
    ../clib/angel/sysapp.c                   0x00000000   Number         0  sys_wrch.o ABSOLUTE
    ../clib/angel/sysapp.c                   0x00000000   Number         0  sys_exit.o ABSOLUTE
    ../clib/angel/sysapp.c                   0x00000000   Number         0  sys_command.o ABSOLUTE
    ../clib/armsys.c                         0x00000000   Number         0  argv_veneer.o ABSOLUTE
    ../clib/armsys.c                         0x00000000   Number         0  argv_veneer.o ABSOLUTE
    ../clib/armsys.c                         0x00000000   Number         0  _get_argv_nomalloc.o ABSOLUTE
    ../clib/armsys.c                         0x00000000   Number         0  no_argv.o ABSOLUTE
    ../clib/heapalloc.c                      0x00000000   Number         0  hrguard.o ABSOLUTE
    ../clib/heapaux.c                        0x00000000   Number         0  heapauxi.o ABSOLUTE
    ../clib/libinit.s                        0x00000000   Number         0  libinit.o ABSOLUTE
    ../clib/libinit.s                        0x00000000   Number         0  libshutdown.o ABSOLUTE
    ../clib/libinit.s                        0x00000000   Number         0  libinit2.o ABSOLUTE
    ../clib/libinit.s                        0x00000000   Number         0  libshutdown2.o ABSOLUTE
    ../clib/longlong.s                       0x00000000   Number         0  llushr.o ABSOLUTE
    ../clib/printf.c                         0x00000000   Number         0  __printf_ss_wp.o ABSOLUTE
    ../clib/printf.c                         0x00000000   Number         0  _printf_char_file.o ABSOLUTE
    ../clib/printf.c                         0x00000000   Number         0  noretval__2printf.o ABSOLUTE
    ../clib/printf.c                         0x00000000   Number         0  __printf_flags_wp.o ABSOLUTE
    ../clib/printf.c                         0x00000000   Number         0  __printf_wp.o ABSOLUTE
    ../clib/printf.c                         0x00000000   Number         0  __printf_flags_ss.o ABSOLUTE
    ../clib/printf.c                         0x00000000   Number         0  __2printf.o ABSOLUTE
    ../clib/printf.c                         0x00000000   Number         0  _printf_intcommon.o ABSOLUTE
    ../clib/printf.c                         0x00000000   Number         0  __printf_ss.o ABSOLUTE
    ../clib/printf.c                         0x00000000   Number         0  __printf_nopercent.o ABSOLUTE
    ../clib/printf.c                         0x00000000   Number         0  _printf_char_common.o ABSOLUTE
    ../clib/printf.c                         0x00000000   Number         0  __printf_flags_ss_wp.o ABSOLUTE
    ../clib/printf.c                         0x00000000   Number         0  __printf.o ABSOLUTE
    ../clib/printf.c                         0x00000000   Number         0  __printf_flags.o ABSOLUTE
    ../clib/printf.c                         0x00000000   Number         0  _printf_dec.o ABSOLUTE
    ../clib/printf_percent.s                 0x00000000   Number         0  _printf_d.o ABSOLUTE
    ../clib/printf_percent.s                 0x00000000   Number         0  _printf_percent_end.o ABSOLUTE
    ../clib/printf_percent.s                 0x00000000   Number         0  _printf_percent.o ABSOLUTE
    ../clib/signal.c                         0x00000000   Number         0  defsig_stak_inner.o ABSOLUTE
    ../clib/signal.c                         0x00000000   Number         0  defsig_rtred_inner.o ABSOLUTE
    ../clib/signal.c                         0x00000000   Number         0  defsig_segv_inner.o ABSOLUTE
    ../clib/signal.c                         0x00000000   Number         0  defsig_rtmem_outer.o ABSOLUTE
    ../clib/signal.c                         0x00000000   Number         0  defsig_other.o ABSOLUTE
    ../clib/signal.c                         0x00000000   Number         0  defsig_rtmem_formal.o ABSOLUTE
    ../clib/signal.c                         0x00000000   Number         0  defsig_exit.o ABSOLUTE
    ../clib/signal.c                         0x00000000   Number         0  defsig_rtmem_inner.o ABSOLUTE
    ../clib/signal.c                         0x00000000   Number         0  defsig_general.o ABSOLUTE
    ../clib/signal.c                         0x00000000   Number         0  __raise.o ABSOLUTE
    ../clib/signal.c                         0x00000000   Number         0  defsig_abrt_inner.o ABSOLUTE
    ../clib/signal.c                         0x00000000   Number         0  defsig_pvfn_inner.o ABSOLUTE
    ../clib/signal.c                         0x00000000   Number         0  defsig_cppl_inner.o ABSOLUTE
    ../clib/signal.c                         0x00000000   Number         0  defsig_fpe_inner.o ABSOLUTE
    ../clib/signal.s                         0x00000000   Number         0  defsig.o ABSOLUTE
    ../clib/stdio.c                          0x00000000   Number         0  ferror.o ABSOLUTE
    ../clib/stdio.c                          0x00000000   Number         0  ferror_locked.o ABSOLUTE
    ../clib/stdlib.c                         0x00000000   Number         0  exit.o ABSOLUTE
    ../fplib/d2f.s                           0x00000000   Number         0  d2f.o ABSOLUTE
    ../fplib/dmul.s                          0x00000000   Number         0  dmul.o ABSOLUTE
    ../fplib/dnaninf.s                       0x00000000   Number         0  dnaninf.o ABSOLUTE
    ../fplib/dretinf.s                       0x00000000   Number         0  dretinf.o ABSOLUTE
    ../fplib/f2d.s                           0x00000000   Number         0  f2d.o ABSOLUTE
    ../fplib/fflt.s                          0x00000000   Number         0  fflt_clz.o ABSOLUTE
    ../fplib/fnaninf.s                       0x00000000   Number         0  fnaninf.o ABSOLUTE
    ../fplib/fpinit.s                        0x00000000   Number         0  fpinit.o ABSOLUTE
    ../fplib/fretinf.s                       0x00000000   Number         0  fretinf.o ABSOLUTE
    ../fplib/usenofp.s                       0x00000000   Number         0  usenofp.o ABSOLUTE
    ..\Drivers\CMSIS\Device\ST\STM32F1xx\Source\Templates\arm\startup_stm32f103xg.s 0x00000000   Number         0  startup_stm32f103xg.o ABSOLUTE
    ..\Drivers\STM32F1xx_HAL_Driver\Src\stm32f1xx_hal.c 0x00000000   Number         0  stm32f1xx_hal.o ABSOLUTE
    ..\Drivers\STM32F1xx_HAL_Driver\Src\stm32f1xx_hal_adc.c 0x00000000   Number         0  stm32f1xx_hal_adc.o ABSOLUTE
    ..\Drivers\STM32F1xx_HAL_Driver\Src\stm32f1xx_hal_adc_ex.c 0x00000000   Number         0  stm32f1xx_hal_adc_ex.o ABSOLUTE
    ..\Drivers\STM32F1xx_HAL_Driver\Src\stm32f1xx_hal_cortex.c 0x00000000   Number         0  stm32f1xx_hal_cortex.o ABSOLUTE
    ..\Drivers\STM32F1xx_HAL_Driver\Src\stm32f1xx_hal_dma.c 0x00000000   Number         0  stm32f1xx_hal_dma.o ABSOLUTE
    ..\Drivers\STM32F1xx_HAL_Driver\Src\stm32f1xx_hal_flash.c 0x00000000   Number         0  stm32f1xx_hal_flash.o ABSOLUTE
    ..\Drivers\STM32F1xx_HAL_Driver\Src\stm32f1xx_hal_flash_ex.c 0x00000000   Number         0  stm32f1xx_hal_flash_ex.o ABSOLUTE
    ..\Drivers\STM32F1xx_HAL_Driver\Src\stm32f1xx_hal_gpio.c 0x00000000   Number         0  stm32f1xx_hal_gpio.o ABSOLUTE
    ..\Drivers\STM32F1xx_HAL_Driver\Src\stm32f1xx_hal_pwr.c 0x00000000   Number         0  stm32f1xx_hal_pwr.o ABSOLUTE
    ..\Drivers\STM32F1xx_HAL_Driver\Src\stm32f1xx_hal_rcc.c 0x00000000   Number         0  stm32f1xx_hal_rcc.o ABSOLUTE
    ..\Drivers\STM32F1xx_HAL_Driver\Src\stm32f1xx_hal_rcc_ex.c 0x00000000   Number         0  stm32f1xx_hal_rcc_ex.o ABSOLUTE
    ..\Drivers\STM32F1xx_HAL_Driver\Src\stm32f1xx_hal_uart.c 0x00000000   Number         0  stm32f1xx_hal_uart.o ABSOLUTE
    ..\HARDWARE\ADC\adc.c                    0x00000000   Number         0  adc.o ABSOLUTE
    ..\HARDWARE\EXTI\exti.c                  0x00000000   Number         0  exti.o ABSOLUTE
    ..\SYSTEM\sys\sys.c                      0x00000000   Number         0  sys.o ABSOLUTE
    ..\SYSTEM\usart\usart.c                  0x00000000   Number         0  usart.o ABSOLUTE
    ..\Src\main.c                            0x00000000   Number         0  main.o ABSOLUTE
    ..\Src\stm32f1xx_hal_msp.c               0x00000000   Number         0  stm32f1xx_hal_msp.o ABSOLUTE
    ..\Src\stm32f1xx_it.c                    0x00000000   Number         0  stm32f1xx_it.o ABSOLUTE
    ..\Src\system_stm32f1xx.c                0x00000000   Number         0  system_stm32f1xx.o ABSOLUTE
    ..\\Drivers\\STM32F1xx_HAL_Driver\\Src\\stm32f1xx_hal.c 0x00000000   Number         0  stm32f1xx_hal.o ABSOLUTE
    ..\\Drivers\\STM32F1xx_HAL_Driver\\Src\\stm32f1xx_hal_adc.c 0x00000000   Number         0  stm32f1xx_hal_adc.o ABSOLUTE
    ..\\Drivers\\STM32F1xx_HAL_Driver\\Src\\stm32f1xx_hal_adc_ex.c 0x00000000   Number         0  stm32f1xx_hal_adc_ex.o ABSOLUTE
    ..\\Drivers\\STM32F1xx_HAL_Driver\\Src\\stm32f1xx_hal_cortex.c 0x00000000   Number         0  stm32f1xx_hal_cortex.o ABSOLUTE
    ..\\Drivers\\STM32F1xx_HAL_Driver\\Src\\stm32f1xx_hal_dma.c 0x00000000   Number         0  stm32f1xx_hal_dma.o ABSOLUTE
    ..\\Drivers\\STM32F1xx_HAL_Driver\\Src\\stm32f1xx_hal_flash.c 0x00000000   Number         0  stm32f1xx_hal_flash.o ABSOLUTE
    ..\\Drivers\\STM32F1xx_HAL_Driver\\Src\\stm32f1xx_hal_flash_ex.c 0x00000000   Number         0  stm32f1xx_hal_flash_ex.o ABSOLUTE
    ..\\Drivers\\STM32F1xx_HAL_Driver\\Src\\stm32f1xx_hal_gpio.c 0x00000000   Number         0  stm32f1xx_hal_gpio.o ABSOLUTE
    ..\\Drivers\\STM32F1xx_HAL_Driver\\Src\\stm32f1xx_hal_pwr.c 0x00000000   Number         0  stm32f1xx_hal_pwr.o ABSOLUTE
    ..\\Drivers\\STM32F1xx_HAL_Driver\\Src\\stm32f1xx_hal_rcc.c 0x00000000   Number         0  stm32f1xx_hal_rcc.o ABSOLUTE
    ..\\Drivers\\STM32F1xx_HAL_Driver\\Src\\stm32f1xx_hal_rcc_ex.c 0x00000000   Number         0  stm32f1xx_hal_rcc_ex.o ABSOLUTE
    ..\\Drivers\\STM32F1xx_HAL_Driver\\Src\\stm32f1xx_hal_uart.c 0x00000000   Number         0  stm32f1xx_hal_uart.o ABSOLUTE
    ..\\HARDWARE\\ADC\\adc.c                 0x00000000   Number         0  adc.o ABSOLUTE
    ..\\HARDWARE\\EXTI\\exti.c               0x00000000   Number         0  exti.o ABSOLUTE
    ..\\SYSTEM\\sys\\sys.c                   0x00000000   Number         0  sys.o ABSOLUTE
    ..\\SYSTEM\\usart\\usart.c               0x00000000   Number         0  usart.o ABSOLUTE
    ..\\Src\\main.c                          0x00000000   Number         0  main.o ABSOLUTE
    ..\\Src\\stm32f1xx_hal_msp.c             0x00000000   Number         0  stm32f1xx_hal_msp.o ABSOLUTE
    ..\\Src\\stm32f1xx_it.c                  0x00000000   Number         0  stm32f1xx_it.o ABSOLUTE
    ..\\Src\\system_stm32f1xx.c              0x00000000   Number         0  system_stm32f1xx.o ABSOLUTE
    dc.s                                     0x00000000   Number         0  dc.o ABSOLUTE
    RESET                                    0x08000000   Section      304  startup_stm32f103xg.o(RESET)
    !!!main                                  0x08000130   Section        8  __main.o(!!!main)
    !!!scatter                               0x08000138   Section       52  __scatter.o(!!!scatter)
    !!handler_copy                           0x0800016c   Section       26  __scatter_copy.o(!!handler_copy)
    !!handler_zi                             0x08000188   Section       28  __scatter_zi.o(!!handler_zi)
    .ARM.Collect$$_printf_percent$$00000000  0x080001a4   Section        0  _printf_percent.o(.ARM.Collect$$_printf_percent$$00000000)
    .ARM.Collect$$_printf_percent$$00000009  0x080001a4   Section        6  _printf_d.o(.ARM.Collect$$_printf_percent$$00000009)
    .ARM.Collect$$_printf_percent$$00000017  0x080001aa   Section        4  _printf_percent_end.o(.ARM.Collect$$_printf_percent$$00000017)
    .ARM.Collect$$libinit$$00000000          0x080001ae   Section        2  libinit.o(.ARM.Collect$$libinit$$00000000)
    .ARM.Collect$$libinit$$00000002          0x080001b0   Section        0  libinit2.o(.ARM.Collect$$libinit$$00000002)
    .ARM.Collect$$libinit$$00000004          0x080001b0   Section        0  libinit2.o(.ARM.Collect$$libinit$$00000004)
    .ARM.Collect$$libinit$$0000000A          0x080001b0   Section        0  libinit2.o(.ARM.Collect$$libinit$$0000000A)
    .ARM.Collect$$libinit$$0000000C          0x080001b0   Section        0  libinit2.o(.ARM.Collect$$libinit$$0000000C)
    .ARM.Collect$$libinit$$0000000E          0x080001b0   Section        0  libinit2.o(.ARM.Collect$$libinit$$0000000E)
    .ARM.Collect$$libinit$$00000011          0x080001b0   Section        0  libinit2.o(.ARM.Collect$$libinit$$00000011)
    .ARM.Collect$$libinit$$00000013          0x080001b0   Section        0  libinit2.o(.ARM.Collect$$libinit$$00000013)
    .ARM.Collect$$libinit$$00000015          0x080001b0   Section        0  libinit2.o(.ARM.Collect$$libinit$$00000015)
    .ARM.Collect$$libinit$$00000017          0x080001b0   Section        0  libinit2.o(.ARM.Collect$$libinit$$00000017)
    .ARM.Collect$$libinit$$00000019          0x080001b0   Section        0  libinit2.o(.ARM.Collect$$libinit$$00000019)
    .ARM.Collect$$libinit$$0000001B          0x080001b0   Section        0  libinit2.o(.ARM.Collect$$libinit$$0000001B)
    .ARM.Collect$$libinit$$0000001D          0x080001b0   Section        0  libinit2.o(.ARM.Collect$$libinit$$0000001D)
    .ARM.Collect$$libinit$$0000001F          0x080001b0   Section        0  libinit2.o(.ARM.Collect$$libinit$$0000001F)
    .ARM.Collect$$libinit$$00000021          0x080001b0   Section        0  libinit2.o(.ARM.Collect$$libinit$$00000021)
    .ARM.Collect$$libinit$$00000023          0x080001b0   Section        0  libinit2.o(.ARM.Collect$$libinit$$00000023)
    .ARM.Collect$$libinit$$00000025          0x080001b0   Section        0  libinit2.o(.ARM.Collect$$libinit$$00000025)
    .ARM.Collect$$libinit$$0000002C          0x080001b0   Section        0  libinit2.o(.ARM.Collect$$libinit$$0000002C)
    .ARM.Collect$$libinit$$0000002E          0x080001b0   Section        0  libinit2.o(.ARM.Collect$$libinit$$0000002E)
    .ARM.Collect$$libinit$$00000030          0x080001b0   Section        0  libinit2.o(.ARM.Collect$$libinit$$00000030)
    .ARM.Collect$$libinit$$00000032          0x080001b0   Section        0  libinit2.o(.ARM.Collect$$libinit$$00000032)
    .ARM.Collect$$libinit$$00000033          0x080001b0   Section        2  libinit2.o(.ARM.Collect$$libinit$$00000033)
    .ARM.Collect$$libshutdown$$00000000      0x080001b2   Section        2  libshutdown.o(.ARM.Collect$$libshutdown$$00000000)
    .ARM.Collect$$libshutdown$$00000002      0x080001b4   Section        0  libshutdown2.o(.ARM.Collect$$libshutdown$$00000002)
    .ARM.Collect$$libshutdown$$00000004      0x080001b4   Section        0  libshutdown2.o(.ARM.Collect$$libshutdown$$00000004)
    .ARM.Collect$$libshutdown$$00000007      0x080001b4   Section        0  libshutdown2.o(.ARM.Collect$$libshutdown$$00000007)
    .ARM.Collect$$libshutdown$$0000000A      0x080001b4   Section        0  libshutdown2.o(.ARM.Collect$$libshutdown$$0000000A)
    .ARM.Collect$$libshutdown$$0000000C      0x080001b4   Section        0  libshutdown2.o(.ARM.Collect$$libshutdown$$0000000C)
    .ARM.Collect$$libshutdown$$0000000F      0x080001b4   Section        0  libshutdown2.o(.ARM.Collect$$libshutdown$$0000000F)
    .ARM.Collect$$libshutdown$$00000010      0x080001b4   Section        2  libshutdown2.o(.ARM.Collect$$libshutdown$$00000010)
    .ARM.Collect$$rtentry$$00000000          0x080001b6   Section        0  __rtentry.o(.ARM.Collect$$rtentry$$00000000)
    .ARM.Collect$$rtentry$$00000002          0x080001b6   Section        0  __rtentry2.o(.ARM.Collect$$rtentry$$00000002)
    .ARM.Collect$$rtentry$$00000004          0x080001b6   Section        6  __rtentry4.o(.ARM.Collect$$rtentry$$00000004)
    .ARM.Collect$$rtentry$$00000009          0x080001bc   Section        0  __rtentry2.o(.ARM.Collect$$rtentry$$00000009)
    .ARM.Collect$$rtentry$$0000000A          0x080001bc   Section        4  __rtentry2.o(.ARM.Collect$$rtentry$$0000000A)
    .ARM.Collect$$rtentry$$0000000C          0x080001c0   Section        0  __rtentry2.o(.ARM.Collect$$rtentry$$0000000C)
    .ARM.Collect$$rtentry$$0000000D          0x080001c0   Section        8  __rtentry2.o(.ARM.Collect$$rtentry$$0000000D)
    .ARM.Collect$$rtexit$$00000000           0x080001c8   Section        2  rtexit.o(.ARM.Collect$$rtexit$$00000000)
    .ARM.Collect$$rtexit$$00000002           0x080001ca   Section        0  rtexit2.o(.ARM.Collect$$rtexit$$00000002)
    .ARM.Collect$$rtexit$$00000003           0x080001ca   Section        4  rtexit2.o(.ARM.Collect$$rtexit$$00000003)
    .ARM.Collect$$rtexit$$00000004           0x080001ce   Section        6  rtexit2.o(.ARM.Collect$$rtexit$$00000004)
    .text                                    0x080001d4   Section       64  startup_stm32f103xg.o(.text)
    .text                                    0x08000214   Section        0  noretval__2printf.o(.text)
    .text                                    0x0800022c   Section        0  __printf.o(.text)
    .text                                    0x08000294   Section        0  _printf_dec.o(.text)
    .text                                    0x0800030c   Section        0  heapauxi.o(.text)
    .text                                    0x08000312   Section        0  _printf_intcommon.o(.text)
    .text                                    0x080003c4   Section        0  _printf_char_file.o(.text)
    .text                                    0x080003e8   Section        0  _printf_char_common.o(.text)
    _printf_input_char                       0x080003e9   Thumb Code    10  _printf_char_common.o(.text)
    .text                                    0x08000418   Section        0  ferror.o(.text)
    .text                                    0x08000420   Section       74  sys_stackheap_outer.o(.text)
    .text                                    0x0800046a   Section        0  exit.o(.text)
    .text                                    0x0800047c   Section        8  libspace.o(.text)
    .text                                    0x08000484   Section        0  sys_exit.o(.text)
    .text                                    0x08000490   Section        2  use_no_semi.o(.text)
    .text                                    0x08000492   Section        0  indicate_semi.o(.text)
    i.ADC_ConversionStop_Disable             0x08000492   Section        0  stm32f1xx_hal_adc.o(i.ADC_ConversionStop_Disable)
    i.ADC_Enable                             0x080004e4   Section        0  stm32f1xx_hal_adc.o(i.ADC_Enable)
    i.ADC_INT_Channel_0_Init                 0x08000568   Section        0  adc.o(i.ADC_INT_Channel_0_Init)
    i.ADC_INT_Channel_10_Init                0x0800057c   Section        0  adc.o(i.ADC_INT_Channel_10_Init)
    i.ADC_INT_Channel_11_Init                0x08000590   Section        0  adc.o(i.ADC_INT_Channel_11_Init)
    i.ADC_INT_Channel_12_Init                0x080005a4   Section        0  adc.o(i.ADC_INT_Channel_12_Init)
    i.ADC_INT_Channel_13_Init                0x080005b8   Section        0  adc.o(i.ADC_INT_Channel_13_Init)
    i.ADC_INT_Channel_14_Init                0x080005cc   Section        0  adc.o(i.ADC_INT_Channel_14_Init)
    i.ADC_INT_Channel_15_Init                0x080005f4   Section        0  adc.o(i.ADC_INT_Channel_15_Init)
    i.ADC_INT_Channel_1_Init                 0x0800061c   Section        0  adc.o(i.ADC_INT_Channel_1_Init)
    i.ADC_INT_Channel_2_Init                 0x08000630   Section        0  adc.o(i.ADC_INT_Channel_2_Init)
    i.ADC_INT_Channel_3_Init                 0x08000644   Section        0  adc.o(i.ADC_INT_Channel_3_Init)
    i.ADC_INT_Channel_4_Init                 0x08000658   Section        0  adc.o(i.ADC_INT_Channel_4_Init)
    i.ADC_INT_Channel_5_Init                 0x08000680   Section        0  adc.o(i.ADC_INT_Channel_5_Init)
    i.ADC_INT_Channel_6_Init                 0x080006a8   Section        0  adc.o(i.ADC_INT_Channel_6_Init)
    i.ADC_INT_Channel_7_Init                 0x080006d0   Section        0  adc.o(i.ADC_INT_Channel_7_Init)
    i.ADC_INT_Channel_8_Init                 0x080006f8   Section        0  adc.o(i.ADC_INT_Channel_8_Init)
    i.ADC_INT_Channel_9_Init                 0x08000720   Section        0  adc.o(i.ADC_INT_Channel_9_Init)
    i.ADC_INT_InitPin                        0x08000748   Section        0  adc.o(i.ADC_INT_InitPin)
    i.ADC_Read                               0x08000800   Section        0  adc.o(i.ADC_Read)
    i.Adc_Init                               0x08000848   Section        0  adc.o(i.Adc_Init)
    i.BusFault_Handler                       0x080009ac   Section        0  stm32f1xx_it.o(i.BusFault_Handler)
    i.DMA1_Channel1_IRQHandler               0x080009b0   Section        0  usart.o(i.DMA1_Channel1_IRQHandler)
    i.DebugMon_Handler                       0x080009c0   Section        0  stm32f1xx_it.o(i.DebugMon_Handler)
    i.EXTI0_IRQHandler                       0x080009c4   Section        0  exti.o(i.EXTI0_IRQHandler)
    i.Get_Adc_Average                        0x08000a00   Section        0  adc.o(i.Get_Adc_Average)
    i.HAL_ADCEx_Calibration_Start            0x08000a34   Section        0  stm32f1xx_hal_adc_ex.o(i.HAL_ADCEx_Calibration_Start)
    i.HAL_ADC_ConfigChannel                  0x08000b38   Section        0  stm32f1xx_hal_adc.o(i.HAL_ADC_ConfigChannel)
    i.HAL_ADC_GetValue                       0x08000cfc   Section        0  stm32f1xx_hal_adc.o(i.HAL_ADC_GetValue)
    i.HAL_ADC_Init                           0x08000d04   Section        0  stm32f1xx_hal_adc.o(i.HAL_ADC_Init)
    i.HAL_ADC_MspInit                        0x08000e68   Section        0  stm32f1xx_hal_adc.o(i.HAL_ADC_MspInit)
    i.HAL_ADC_PollForConversion              0x08000e6c   Section        0  stm32f1xx_hal_adc.o(i.HAL_ADC_PollForConversion)
    i.HAL_ADC_Start                          0x08000fdc   Section        0  stm32f1xx_hal_adc.o(i.HAL_ADC_Start)
    i.HAL_DMA_IRQHandler                     0x0800110c   Section        0  stm32f1xx_hal_dma.o(i.HAL_DMA_IRQHandler)
    i.HAL_Delay                              0x0800141c   Section        0  stm32f1xx_hal.o(i.HAL_Delay)
    i.HAL_GPIO_EXTI_Callback                 0x08001436   Section        0  stm32f1xx_hal_gpio.o(i.HAL_GPIO_EXTI_Callback)
    i.HAL_GPIO_Init                          0x08001438   Section        0  stm32f1xx_hal_gpio.o(i.HAL_GPIO_Init)
    i.HAL_GPIO_ReadPin                       0x08001754   Section        0  stm32f1xx_hal_gpio.o(i.HAL_GPIO_ReadPin)
    i.HAL_GPIO_WritePin                      0x08001764   Section        0  stm32f1xx_hal_gpio.o(i.HAL_GPIO_WritePin)
    i.HAL_GetTick                            0x08001770   Section        0  stm32f1xx_hal.o(i.HAL_GetTick)
    i.HAL_IncTick                            0x0800177c   Section        0  stm32f1xx_hal.o(i.HAL_IncTick)
    i.HAL_Init                               0x0800178c   Section        0  stm32f1xx_hal.o(i.HAL_Init)
    i.HAL_InitTick                           0x080017b4   Section        0  stm32f1xx_hal.o(i.HAL_InitTick)
    i.HAL_MspInit                            0x080017d8   Section        0  stm32f1xx_hal_msp.o(i.HAL_MspInit)
    i.HAL_NVIC_ClearPendingIRQ               0x0800183c   Section        0  stm32f1xx_hal_cortex.o(i.HAL_NVIC_ClearPendingIRQ)
    i.HAL_NVIC_DisableIRQ                    0x08001858   Section        0  stm32f1xx_hal_cortex.o(i.HAL_NVIC_DisableIRQ)
    i.HAL_NVIC_EnableIRQ                     0x08001874   Section        0  stm32f1xx_hal_cortex.o(i.HAL_NVIC_EnableIRQ)
    i.HAL_NVIC_SetPriority                   0x0800188e   Section        0  stm32f1xx_hal_cortex.o(i.HAL_NVIC_SetPriority)
    i.HAL_NVIC_SetPriorityGrouping           0x0800190c   Section        0  stm32f1xx_hal_cortex.o(i.HAL_NVIC_SetPriorityGrouping)
    i.HAL_RCCEx_GetPeriphCLKFreq             0x08001934   Section        0  stm32f1xx_hal_rcc_ex.o(i.HAL_RCCEx_GetPeriphCLKFreq)
    i.HAL_RCCEx_PeriphCLKConfig              0x08001a7c   Section        0  stm32f1xx_hal_rcc_ex.o(i.HAL_RCCEx_PeriphCLKConfig)
    i.HAL_RCC_ClockConfig                    0x08001bf0   Section        0  stm32f1xx_hal_rcc.o(i.HAL_RCC_ClockConfig)
    i.HAL_RCC_GetHCLKFreq                    0x08002024   Section        0  stm32f1xx_hal_rcc.o(i.HAL_RCC_GetHCLKFreq)
    i.HAL_RCC_GetPCLK1Freq                   0x0800205c   Section        0  stm32f1xx_hal_rcc.o(i.HAL_RCC_GetPCLK1Freq)
    i.HAL_RCC_GetPCLK2Freq                   0x08002088   Section        0  stm32f1xx_hal_rcc.o(i.HAL_RCC_GetPCLK2Freq)
    i.HAL_RCC_GetSysClockFreq                0x080020b4   Section        0  stm32f1xx_hal_rcc.o(i.HAL_RCC_GetSysClockFreq)
    i.HAL_RCC_OscConfig                      0x08002168   Section        0  stm32f1xx_hal_rcc.o(i.HAL_RCC_OscConfig)
    i.HAL_SYSTICK_Callback                   0x08002af0   Section        0  stm32f1xx_hal_cortex.o(i.HAL_SYSTICK_Callback)
    i.HAL_SYSTICK_Config                     0x08002af2   Section        0  stm32f1xx_hal_cortex.o(i.HAL_SYSTICK_Config)
    i.HAL_SYSTICK_IRQHandler                 0x08002b26   Section        0  stm32f1xx_hal_cortex.o(i.HAL_SYSTICK_IRQHandler)
    i.HAL_UART_Init                          0x08002b2e   Section        0  stm32f1xx_hal_uart.o(i.HAL_UART_Init)
    i.HAL_UART_MspInit                       0x08002b9c   Section        0  stm32f1xx_hal_uart.o(i.HAL_UART_MspInit)
    i.HardFault_Handler                      0x08002b9e   Section        0  stm32f1xx_it.o(i.HardFault_Handler)
    i.MemManage_Handler                      0x08002ba2   Section        0  stm32f1xx_it.o(i.MemManage_Handler)
    i.NMI_Handler                            0x08002ba6   Section        0  stm32f1xx_it.o(i.NMI_Handler)
    i.NVIC_GetPriorityGrouping               0x08002ba8   Section        0  stm32f1xx_hal_cortex.o(i.NVIC_GetPriorityGrouping)
    NVIC_GetPriorityGrouping                 0x08002ba9   Thumb Code    10  stm32f1xx_hal_cortex.o(i.NVIC_GetPriorityGrouping)
    i.NVIC_SetPriority                       0x08002bb8   Section        0  stm32f1xx_hal_cortex.o(i.NVIC_SetPriority)
    NVIC_SetPriority                         0x08002bb9   Thumb Code    32  stm32f1xx_hal_cortex.o(i.NVIC_SetPriority)
    i.SysTick_Handler                        0x08002be0   Section        0  stm32f1xx_it.o(i.SysTick_Handler)
    i.SystemClock_Config                     0x08002bec   Section        0  main.o(i.SystemClock_Config)
    i.SystemInit                             0x08002c4c   Section        0  system_stm32f1xx.o(i.SystemInit)
    i.UART_SetConfig                         0x08002ca4   Section        0  stm32f1xx_hal_uart.o(i.UART_SetConfig)
    UART_SetConfig                           0x08002ca5   Thumb Code   290  stm32f1xx_hal_uart.o(i.UART_SetConfig)
    i.USART1_IRQHandler                      0x08002dcc   Section        0  usart.o(i.USART1_IRQHandler)
    i.USART1_InitPins                        0x08002df8   Section        0  usart.o(i.USART1_InitPins)
    i.USART2_IRQHandler                      0x08002e38   Section        0  usart.o(i.USART2_IRQHandler)
    i.USART2_InitPins                        0x08002e64   Section        0  usart.o(i.USART2_InitPins)
    i.USART3_IRQHandler                      0x08002e94   Section        0  usart.o(i.USART3_IRQHandler)
    i.USART3_InitPins                        0x08002ec0   Section        0  usart.o(i.USART3_InitPins)
    i.USART_INT_ClearAllFlags                0x08002f04   Section        0  usart.o(i.USART_INT_ClearAllFlags)
    USART_INT_ClearAllFlags                  0x08002f05   Thumb Code   126  usart.o(i.USART_INT_ClearAllFlags)
    i.USART_INT_GetSubPriority               0x08002f88   Section        0  usart.o(i.USART_INT_GetSubPriority)
    USART_INT_GetSubPriority                 0x08002f89   Thumb Code    28  usart.o(i.USART_INT_GetSubPriority)
    i.USART_INT_Init                         0x08002fb0   Section        0  usart.o(i.USART_INT_Init)
    USART_INT_Init                           0x08002fb1   Thumb Code   296  usart.o(i.USART_INT_Init)
    i.USART_INT_InsertToBuffer               0x080030e8   Section        0  usart.o(i.USART_INT_InsertToBuffer)
    USART_INT_InsertToBuffer                 0x080030e9   Thumb Code    44  usart.o(i.USART_INT_InsertToBuffer)
    i.USART_Init                             0x08003114   Section        0  usart.o(i.USART_Init)
    i.USART_Puts                             0x08003184   Section        0  usart.o(i.USART_Puts)
    i.UsageFault_Handler                     0x080031ac   Section        0  stm32f1xx_it.o(i.UsageFault_Handler)
    i.delay                                  0x080031b0   Section        0  sys.o(i.delay)
    i.digitalWrite                           0x080031d0   Section        0  sys.o(i.digitalWrite)
    i.fputc                                  0x080031f8   Section        0  usart.o(i.fputc)
    i.main                                   0x08003234   Section        0  main.o(i.main)
    i.millis                                 0x080032d0   Section        0  sys.o(i.millis)
    i.pinMode                                0x080032d8   Section        0  sys.o(i.pinMode)
    i.yield                                  0x08003460   Section        0  sys.o(i.yield)
    __empty                                  0x08003461   Thumb Code     0  sys.o(i.yield)
    x$fpl$d2f                                0x08003464   Section       98  d2f.o(x$fpl$d2f)
    x$fpl$dmul                               0x080034c8   Section      340  dmul.o(x$fpl$dmul)
    x$fpl$dnaninf                            0x0800361c   Section      156  dnaninf.o(x$fpl$dnaninf)
    x$fpl$dretinf                            0x080036b8   Section       12  dretinf.o(x$fpl$dretinf)
    x$fpl$f2d                                0x080036c4   Section       86  f2d.o(x$fpl$f2d)
    x$fpl$ffltu                              0x0800371c   Section       38  fflt_clz.o(x$fpl$ffltu)
    x$fpl$fnaninf                            0x08003742   Section      140  fnaninf.o(x$fpl$fnaninf)
    x$fpl$fretinf                            0x080037ce   Section       10  fretinf.o(x$fpl$fretinf)
    .constdata                               0x080037d8   Section       16  stm32f1xx_hal_rcc.o(.constdata)
    x$fpl$usenofp                            0x080037d8   Section        0  usenofp.o(x$fpl$usenofp)
    .constdata                               0x080037e8   Section     1920  sys.o(.constdata)
    .data                                    0x20000000   Section        4  stm32f1xx_hal.o(.data)
    uwTick                                   0x20000000   Data           4  stm32f1xx_hal.o(.data)
    .data                                    0x20000004   Section       40  usart.o(.data)
    .data                                    0x2000002c   Section       16  main.o(.data)
    .data                                    0x2000003c   Section        4  system_stm32f1xx.o(.data)
    .bss                                     0x20000040   Section       48  adc.o(.bss)
    .bss                                     0x20000070   Section      280  usart.o(.bss)
    UART_Handle                              0x200000d0   Data          64  usart.o(.bss)
    .bss                                     0x20000188   Section       96  libspace.o(.bss)
    HEAP                                     0x200001e8   Section      512  startup_stm32f103xg.o(HEAP)
    Heap_Mem                                 0x200001e8   Data         512  startup_stm32f103xg.o(HEAP)
    STACK                                    0x200003e8   Section     1024  startup_stm32f103xg.o(STACK)
    Stack_Mem                                0x200003e8   Data        1024  startup_stm32f103xg.o(STACK)
    __initial_sp                             0x200007e8   Data           0  startup_stm32f103xg.o(STACK)

    Global Symbols

    Symbol Name                              Value     Ov Type        Size  Object(Section)

    BuildAttributes$$THM_ISAv4$P$D$K$B$S$PE$A:L22UL41UL21$X:L11$S22US41US21$IEEE1$IW$USESV6$~STKCKD$USESV7$~SHL$OSPACE$ROPI$EBA8$UX$STANDARDLIB$REQ8$PRES8$EABIv2 0x00000000   Number         0  anon$$obj.o ABSOLUTE
    __ARM_use_no_argv                        0x00000000   Number         0  main.o ABSOLUTE
    __ARM_exceptions_init                     - Undefined Weak Reference
    __alloca_initialize                       - Undefined Weak Reference
    __arm_preinit_                            - Undefined Weak Reference
    __cpp_initialize__aeabi_                  - Undefined Weak Reference
    __cxa_finalize                            - Undefined Weak Reference
    __rt_locale                               - Undefined Weak Reference
    __sigvec_lookup                           - Undefined Weak Reference
    _atexit_init                              - Undefined Weak Reference
    _call_atexit_fns                          - Undefined Weak Reference
    _clock_init                               - Undefined Weak Reference
    _fp_trap_init                             - Undefined Weak Reference
    _fp_trap_shutdown                         - Undefined Weak Reference
    _get_lc_collate                           - Undefined Weak Reference
    _get_lc_ctype                             - Undefined Weak Reference
    _get_lc_monetary                          - Undefined Weak Reference
    _get_lc_numeric                           - Undefined Weak Reference
    _get_lc_time                              - Undefined Weak Reference
    _getenv_init                              - Undefined Weak Reference
    _handle_redirection                       - Undefined Weak Reference
    _init_alloc                               - Undefined Weak Reference
    _init_user_alloc                          - Undefined Weak Reference
    _initio                                   - Undefined Weak Reference
    _mutex_acquire                            - Undefined Weak Reference
    _mutex_release                            - Undefined Weak Reference
    _printf_post_padding                      - Undefined Weak Reference
    _printf_pre_padding                       - Undefined Weak Reference
    _printf_truncate_signed                   - Undefined Weak Reference
    _printf_truncate_unsigned                 - Undefined Weak Reference
    _rand_init                                - Undefined Weak Reference
    _signal_finish                            - Undefined Weak Reference
    _signal_init                              - Undefined Weak Reference
    _terminate_alloc                          - Undefined Weak Reference
    _terminate_user_alloc                     - Undefined Weak Reference
    _terminateio                              - Undefined Weak Reference
    __Vectors_Size                           0x00000130   Number         0  startup_stm32f103xg.o ABSOLUTE
    __Vectors                                0x08000000   Data           4  startup_stm32f103xg.o(RESET)
    __Vectors_End                            0x08000130   Data           0  startup_stm32f103xg.o(RESET)
    __main                                   0x08000131   Thumb Code     8  __main.o(!!!main)
    __scatterload                            0x08000139   Thumb Code     0  __scatter.o(!!!scatter)
    __scatterload_rt2                        0x08000139   Thumb Code    44  __scatter.o(!!!scatter)
    __scatterload_rt2_thumb_only             0x08000139   Thumb Code     0  __scatter.o(!!!scatter)
    __scatterload_null                       0x08000147   Thumb Code     0  __scatter.o(!!!scatter)
    __scatterload_copy                       0x0800016d   Thumb Code    26  __scatter_copy.o(!!handler_copy)
    __scatterload_zeroinit                   0x08000189   Thumb Code    28  __scatter_zi.o(!!handler_zi)
    _printf_d                                0x080001a5   Thumb Code     0  _printf_d.o(.ARM.Collect$$_printf_percent$$00000009)
    _printf_percent                          0x080001a5   Thumb Code     0  _printf_percent.o(.ARM.Collect$$_printf_percent$$00000000)
    _printf_percent_end                      0x080001ab   Thumb Code     0  _printf_percent_end.o(.ARM.Collect$$_printf_percent$$00000017)
    __rt_lib_init                            0x080001af   Thumb Code     0  libinit.o(.ARM.Collect$$libinit$$00000000)
    __rt_lib_init_alloca_1                   0x080001b1   Thumb Code     0  libinit2.o(.ARM.Collect$$libinit$$0000002E)
    __rt_lib_init_argv_1                     0x080001b1   Thumb Code     0  libinit2.o(.ARM.Collect$$libinit$$0000002C)
    __rt_lib_init_atexit_1                   0x080001b1   Thumb Code     0  libinit2.o(.ARM.Collect$$libinit$$0000001B)
    __rt_lib_init_clock_1                    0x080001b1   Thumb Code     0  libinit2.o(.ARM.Collect$$libinit$$00000021)
    __rt_lib_init_cpp_1                      0x080001b1   Thumb Code     0  libinit2.o(.ARM.Collect$$libinit$$00000032)
    __rt_lib_init_exceptions_1               0x080001b1   Thumb Code     0  libinit2.o(.ARM.Collect$$libinit$$00000030)
    __rt_lib_init_fp_1                       0x080001b1   Thumb Code     0  libinit2.o(.ARM.Collect$$libinit$$00000002)
    __rt_lib_init_fp_trap_1                  0x080001b1   Thumb Code     0  libinit2.o(.ARM.Collect$$libinit$$0000001F)
    __rt_lib_init_getenv_1                   0x080001b1   Thumb Code     0  libinit2.o(.ARM.Collect$$libinit$$00000023)
    __rt_lib_init_heap_1                     0x080001b1   Thumb Code     0  libinit2.o(.ARM.Collect$$libinit$$0000000A)
    __rt_lib_init_lc_collate_1               0x080001b1   Thumb Code     0  libinit2.o(.ARM.Collect$$libinit$$00000011)
    __rt_lib_init_lc_ctype_1                 0x080001b1   Thumb Code     0  libinit2.o(.ARM.Collect$$libinit$$00000013)
    __rt_lib_init_lc_monetary_1              0x080001b1   Thumb Code     0  libinit2.o(.ARM.Collect$$libinit$$00000015)
    __rt_lib_init_lc_numeric_1               0x080001b1   Thumb Code     0  libinit2.o(.ARM.Collect$$libinit$$00000017)
    __rt_lib_init_lc_time_1                  0x080001b1   Thumb Code     0  libinit2.o(.ARM.Collect$$libinit$$00000019)
    __rt_lib_init_preinit_1                  0x080001b1   Thumb Code     0  libinit2.o(.ARM.Collect$$libinit$$00000004)
    __rt_lib_init_rand_1                     0x080001b1   Thumb Code     0  libinit2.o(.ARM.Collect$$libinit$$0000000E)
    __rt_lib_init_return                     0x080001b1   Thumb Code     0  libinit2.o(.ARM.Collect$$libinit$$00000033)
    __rt_lib_init_signal_1                   0x080001b1   Thumb Code     0  libinit2.o(.ARM.Collect$$libinit$$0000001D)
    __rt_lib_init_stdio_1                    0x080001b1   Thumb Code     0  libinit2.o(.ARM.Collect$$libinit$$00000025)
    __rt_lib_init_user_alloc_1               0x080001b1   Thumb Code     0  libinit2.o(.ARM.Collect$$libinit$$0000000C)
    __rt_lib_shutdown                        0x080001b3   Thumb Code     0  libshutdown.o(.ARM.Collect$$libshutdown$$00000000)
    __rt_lib_shutdown_cpp_1                  0x080001b5   Thumb Code     0  libshutdown2.o(.ARM.Collect$$libshutdown$$00000002)
    __rt_lib_shutdown_fp_trap_1              0x080001b5   Thumb Code     0  libshutdown2.o(.ARM.Collect$$libshutdown$$00000007)
    __rt_lib_shutdown_heap_1                 0x080001b5   Thumb Code     0  libshutdown2.o(.ARM.Collect$$libshutdown$$0000000F)
    __rt_lib_shutdown_return                 0x080001b5   Thumb Code     0  libshutdown2.o(.ARM.Collect$$libshutdown$$00000010)
    __rt_lib_shutdown_signal_1               0x080001b5   Thumb Code     0  libshutdown2.o(.ARM.Collect$$libshutdown$$0000000A)
    __rt_lib_shutdown_stdio_1                0x080001b5   Thumb Code     0  libshutdown2.o(.ARM.Collect$$libshutdown$$00000004)
    __rt_lib_shutdown_user_alloc_1           0x080001b5   Thumb Code     0  libshutdown2.o(.ARM.Collect$$libshutdown$$0000000C)
    __rt_entry                               0x080001b7   Thumb Code     0  __rtentry.o(.ARM.Collect$$rtentry$$00000000)
    __rt_entry_presh_1                       0x080001b7   Thumb Code     0  __rtentry2.o(.ARM.Collect$$rtentry$$00000002)
    __rt_entry_sh                            0x080001b7   Thumb Code     0  __rtentry4.o(.ARM.Collect$$rtentry$$00000004)
    __rt_entry_li                            0x080001bd   Thumb Code     0  __rtentry2.o(.ARM.Collect$$rtentry$$0000000A)
    __rt_entry_postsh_1                      0x080001bd   Thumb Code     0  __rtentry2.o(.ARM.Collect$$rtentry$$00000009)
    __rt_entry_main                          0x080001c1   Thumb Code     0  __rtentry2.o(.ARM.Collect$$rtentry$$0000000D)
    __rt_entry_postli_1                      0x080001c1   Thumb Code     0  __rtentry2.o(.ARM.Collect$$rtentry$$0000000C)
    __rt_exit                                0x080001c9   Thumb Code     0  rtexit.o(.ARM.Collect$$rtexit$$00000000)
    __rt_exit_ls                             0x080001cb   Thumb Code     0  rtexit2.o(.ARM.Collect$$rtexit$$00000003)
    __rt_exit_prels_1                        0x080001cb   Thumb Code     0  rtexit2.o(.ARM.Collect$$rtexit$$00000002)
    __rt_exit_exit                           0x080001cf   Thumb Code     0  rtexit2.o(.ARM.Collect$$rtexit$$00000004)
    Reset_Handler                            0x080001d5   Thumb Code     8  startup_stm32f103xg.o(.text)
    SVC_Handler                              0x080001e7   Thumb Code     2  startup_stm32f103xg.o(.text)
    PendSV_Handler                           0x080001eb   Thumb Code     2  startup_stm32f103xg.o(.text)
    ADC1_2_IRQHandler                        0x080001ef   Thumb Code     0  startup_stm32f103xg.o(.text)
    ADC3_IRQHandler                          0x080001ef   Thumb Code     0  startup_stm32f103xg.o(.text)
    CAN1_RX1_IRQHandler                      0x080001ef   Thumb Code     0  startup_stm32f103xg.o(.text)
    CAN1_SCE_IRQHandler                      0x080001ef   Thumb Code     0  startup_stm32f103xg.o(.text)
    DMA1_Channel2_IRQHandler                 0x080001ef   Thumb Code     0  startup_stm32f103xg.o(.text)
    DMA1_Channel3_IRQHandler                 0x080001ef   Thumb Code     0  startup_stm32f103xg.o(.text)
    DMA1_Channel4_IRQHandler                 0x080001ef   Thumb Code     0  startup_stm32f103xg.o(.text)
    DMA1_Channel5_IRQHandler                 0x080001ef   Thumb Code     0  startup_stm32f103xg.o(.text)
    DMA1_Channel6_IRQHandler                 0x080001ef   Thumb Code     0  startup_stm32f103xg.o(.text)
    DMA1_Channel7_IRQHandler                 0x080001ef   Thumb Code     0  startup_stm32f103xg.o(.text)
    DMA2_Channel1_IRQHandler                 0x080001ef   Thumb Code     0  startup_stm32f103xg.o(.text)
    DMA2_Channel2_IRQHandler                 0x080001ef   Thumb Code     0  startup_stm32f103xg.o(.text)
    DMA2_Channel3_IRQHandler                 0x080001ef   Thumb Code     0  startup_stm32f103xg.o(.text)
    DMA2_Channel4_5_IRQHandler               0x080001ef   Thumb Code     0  startup_stm32f103xg.o(.text)
    EXTI15_10_IRQHandler                     0x080001ef   Thumb Code     0  startup_stm32f103xg.o(.text)
    EXTI1_IRQHandler                         0x080001ef   Thumb Code     0  startup_stm32f103xg.o(.text)
    EXTI2_IRQHandler                         0x080001ef   Thumb Code     0  startup_stm32f103xg.o(.text)
    EXTI3_IRQHandler                         0x080001ef   Thumb Code     0  startup_stm32f103xg.o(.text)
    EXTI4_IRQHandler                         0x080001ef   Thumb Code     0  startup_stm32f103xg.o(.text)
    EXTI9_5_IRQHandler                       0x080001ef   Thumb Code     0  startup_stm32f103xg.o(.text)
    FLASH_IRQHandler                         0x080001ef   Thumb Code     0  startup_stm32f103xg.o(.text)
    FSMC_IRQHandler                          0x080001ef   Thumb Code     0  startup_stm32f103xg.o(.text)
    I2C1_ER_IRQHandler                       0x080001ef   Thumb Code     0  startup_stm32f103xg.o(.text)
    I2C1_EV_IRQHandler                       0x080001ef   Thumb Code     0  startup_stm32f103xg.o(.text)
    I2C2_ER_IRQHandler                       0x080001ef   Thumb Code     0  startup_stm32f103xg.o(.text)
    I2C2_EV_IRQHandler                       0x080001ef   Thumb Code     0  startup_stm32f103xg.o(.text)
    PVD_IRQHandler                           0x080001ef   Thumb Code     0  startup_stm32f103xg.o(.text)
    RCC_IRQHandler                           0x080001ef   Thumb Code     0  startup_stm32f103xg.o(.text)
    RTC_Alarm_IRQHandler                     0x080001ef   Thumb Code     0  startup_stm32f103xg.o(.text)
    RTC_IRQHandler                           0x080001ef   Thumb Code     0  startup_stm32f103xg.o(.text)
    SDIO_IRQHandler                          0x080001ef   Thumb Code     0  startup_stm32f103xg.o(.text)
    SPI1_IRQHandler                          0x080001ef   Thumb Code     0  startup_stm32f103xg.o(.text)
    SPI2_IRQHandler                          0x080001ef   Thumb Code     0  startup_stm32f103xg.o(.text)
    SPI3_IRQHandler                          0x080001ef   Thumb Code     0  startup_stm32f103xg.o(.text)
    TAMPER_IRQHandler                        0x080001ef   Thumb Code     0  startup_stm32f103xg.o(.text)
    TIM1_BRK_TIM9_IRQHandler                 0x080001ef   Thumb Code     0  startup_stm32f103xg.o(.text)
    TIM1_CC_IRQHandler                       0x080001ef   Thumb Code     0  startup_stm32f103xg.o(.text)
    TIM1_TRG_COM_TIM11_IRQHandler            0x080001ef   Thumb Code     0  startup_stm32f103xg.o(.text)
    TIM1_UP_TIM10_IRQHandler                 0x080001ef   Thumb Code     0  startup_stm32f103xg.o(.text)
    TIM2_IRQHandler                          0x080001ef   Thumb Code     0  startup_stm32f103xg.o(.text)
    TIM3_IRQHandler                          0x080001ef   Thumb Code     0  startup_stm32f103xg.o(.text)
    TIM4_IRQHandler                          0x080001ef   Thumb Code     0  startup_stm32f103xg.o(.text)
    TIM5_IRQHandler                          0x080001ef   Thumb Code     0  startup_stm32f103xg.o(.text)
    TIM6_IRQHandler                          0x080001ef   Thumb Code     0  startup_stm32f103xg.o(.text)
    TIM7_IRQHandler                          0x080001ef   Thumb Code     0  startup_stm32f103xg.o(.text)
    TIM8_BRK_TIM12_IRQHandler                0x080001ef   Thumb Code     0  startup_stm32f103xg.o(.text)
    TIM8_CC_IRQHandler                       0x080001ef   Thumb Code     0  startup_stm32f103xg.o(.text)
    TIM8_TRG_COM_TIM14_IRQHandler            0x080001ef   Thumb Code     0  startup_stm32f103xg.o(.text)
    TIM8_UP_TIM13_IRQHandler                 0x080001ef   Thumb Code     0  startup_stm32f103xg.o(.text)
    UART4_IRQHandler                         0x080001ef   Thumb Code     0  startup_stm32f103xg.o(.text)
    UART5_IRQHandler                         0x080001ef   Thumb Code     0  startup_stm32f103xg.o(.text)
    USBWakeUp_IRQHandler                     0x080001ef   Thumb Code     0  startup_stm32f103xg.o(.text)
    USB_HP_CAN1_TX_IRQHandler                0x080001ef   Thumb Code     0  startup_stm32f103xg.o(.text)
    USB_LP_CAN1_RX0_IRQHandler               0x080001ef   Thumb Code     0  startup_stm32f103xg.o(.text)
    WWDG_IRQHandler                          0x080001ef   Thumb Code     0  startup_stm32f103xg.o(.text)
    __user_initial_stackheap                 0x080001f1   Thumb Code     0  startup_stm32f103xg.o(.text)
    __2printf                                0x08000215   Thumb Code    20  noretval__2printf.o(.text)
    __printf                                 0x0800022d   Thumb Code   104  __printf.o(.text)
    _printf_int_dec                          0x08000295   Thumb Code   104  _printf_dec.o(.text)
    __use_two_region_memory                  0x0800030d   Thumb Code     2  heapauxi.o(.text)
    __rt_heap_escrow$2region                 0x0800030f   Thumb Code     2  heapauxi.o(.text)
    __rt_heap_expand$2region                 0x08000311   Thumb Code     2  heapauxi.o(.text)
    _printf_int_common                       0x08000313   Thumb Code   178  _printf_intcommon.o(.text)
    _printf_char_file                        0x080003c5   Thumb Code    32  _printf_char_file.o(.text)
    _printf_char_common                      0x080003f3   Thumb Code    32  _printf_char_common.o(.text)
    ferror                                   0x08000419   Thumb Code     8  ferror.o(.text)
    __user_setup_stackheap                   0x08000421   Thumb Code    74  sys_stackheap_outer.o(.text)
    exit                                     0x0800046b   Thumb Code    18  exit.o(.text)
    __user_libspace                          0x0800047d   Thumb Code     8  libspace.o(.text)
    __user_perproc_libspace                  0x0800047d   Thumb Code     0  libspace.o(.text)
    __user_perthread_libspace                0x0800047d   Thumb Code     0  libspace.o(.text)
    _sys_exit                                0x08000485   Thumb Code     8  sys_exit.o(.text)
    __I$use$semihosting                      0x08000491   Thumb Code     0  use_no_semi.o(.text)
    __use_no_semihosting_swi                 0x08000491   Thumb Code     2  use_no_semi.o(.text)
    ADC_ConversionStop_Disable               0x08000493   Thumb Code    82  stm32f1xx_hal_adc.o(i.ADC_ConversionStop_Disable)
    __semihosting_library_function           0x08000493   Thumb Code     0  indicate_semi.o(.text)
    ADC_Enable                               0x080004e5   Thumb Code   122  stm32f1xx_hal_adc.o(i.ADC_Enable)
    ADC_INT_Channel_0_Init                   0x08000569   Thumb Code    14  adc.o(i.ADC_INT_Channel_0_Init)
    ADC_INT_Channel_10_Init                  0x0800057d   Thumb Code    14  adc.o(i.ADC_INT_Channel_10_Init)
    ADC_INT_Channel_11_Init                  0x08000591   Thumb Code    14  adc.o(i.ADC_INT_Channel_11_Init)
    ADC_INT_Channel_12_Init                  0x080005a5   Thumb Code    14  adc.o(i.ADC_INT_Channel_12_Init)
    ADC_INT_Channel_13_Init                  0x080005b9   Thumb Code    14  adc.o(i.ADC_INT_Channel_13_Init)
    ADC_INT_Channel_14_Init                  0x080005cd   Thumb Code    26  adc.o(i.ADC_INT_Channel_14_Init)
    ADC_INT_Channel_15_Init                  0x080005f5   Thumb Code    26  adc.o(i.ADC_INT_Channel_15_Init)
    ADC_INT_Channel_1_Init                   0x0800061d   Thumb Code    14  adc.o(i.ADC_INT_Channel_1_Init)
    ADC_INT_Channel_2_Init                   0x08000631   Thumb Code    14  adc.o(i.ADC_INT_Channel_2_Init)
    ADC_INT_Channel_3_Init                   0x08000645   Thumb Code    14  adc.o(i.ADC_INT_Channel_3_Init)
    ADC_INT_Channel_4_Init                   0x08000659   Thumb Code    26  adc.o(i.ADC_INT_Channel_4_Init)
    ADC_INT_Channel_5_Init                   0x08000681   Thumb Code    26  adc.o(i.ADC_INT_Channel_5_Init)
    ADC_INT_Channel_6_Init                   0x080006a9   Thumb Code    26  adc.o(i.ADC_INT_Channel_6_Init)
    ADC_INT_Channel_7_Init                   0x080006d1   Thumb Code    26  adc.o(i.ADC_INT_Channel_7_Init)
    ADC_INT_Channel_8_Init                   0x080006f9   Thumb Code    26  adc.o(i.ADC_INT_Channel_8_Init)
    ADC_INT_Channel_9_Init                   0x08000721   Thumb Code    26  adc.o(i.ADC_INT_Channel_9_Init)
    ADC_INT_InitPin                          0x08000749   Thumb Code   162  adc.o(i.ADC_INT_InitPin)
    ADC_Read                                 0x08000801   Thumb Code    66  adc.o(i.ADC_Read)
    Adc_Init                                 0x08000849   Thumb Code   338  adc.o(i.Adc_Init)
    BusFault_Handler                         0x080009ad   Thumb Code     4  stm32f1xx_it.o(i.BusFault_Handler)
    DMA1_Channel1_IRQHandler                 0x080009b1   Thumb Code    10  usart.o(i.DMA1_Channel1_IRQHandler)
    DebugMon_Handler                         0x080009c1   Thumb Code     4  stm32f1xx_it.o(i.DebugMon_Handler)
    EXTI0_IRQHandler                         0x080009c5   Thumb Code    46  exti.o(i.EXTI0_IRQHandler)
    Get_Adc_Average                          0x08000a01   Thumb Code    50  adc.o(i.Get_Adc_Average)
    HAL_ADCEx_Calibration_Start              0x08000a35   Thumb Code   256  stm32f1xx_hal_adc_ex.o(i.HAL_ADCEx_Calibration_Start)
    HAL_ADC_ConfigChannel                    0x08000b39   Thumb Code   438  stm32f1xx_hal_adc.o(i.HAL_ADC_ConfigChannel)
    HAL_ADC_GetValue                         0x08000cfd   Thumb Code     8  stm32f1xx_hal_adc.o(i.HAL_ADC_GetValue)
    HAL_ADC_Init                             0x08000d05   Thumb Code   346  stm32f1xx_hal_adc.o(i.HAL_ADC_Init)
    HAL_ADC_MspInit                          0x08000e69   Thumb Code     2  stm32f1xx_hal_adc.o(i.HAL_ADC_MspInit)
    HAL_ADC_PollForConversion                0x08000e6d   Thumb Code   350  stm32f1xx_hal_adc.o(i.HAL_ADC_PollForConversion)
    HAL_ADC_Start                            0x08000fdd   Thumb Code   294  stm32f1xx_hal_adc.o(i.HAL_ADC_Start)
    HAL_DMA_IRQHandler                       0x0800110d   Thumb Code   780  stm32f1xx_hal_dma.o(i.HAL_DMA_IRQHandler)
    HAL_Delay                                0x0800141d   Thumb Code    26  stm32f1xx_hal.o(i.HAL_Delay)
    HAL_GPIO_EXTI_Callback                   0x08001437   Thumb Code     2  stm32f1xx_hal_gpio.o(i.HAL_GPIO_EXTI_Callback)
    HAL_GPIO_Init                            0x08001439   Thumb Code   764  stm32f1xx_hal_gpio.o(i.HAL_GPIO_Init)
    HAL_GPIO_ReadPin                         0x08001755   Thumb Code    16  stm32f1xx_hal_gpio.o(i.HAL_GPIO_ReadPin)
    HAL_GPIO_WritePin                        0x08001765   Thumb Code    12  stm32f1xx_hal_gpio.o(i.HAL_GPIO_WritePin)
    HAL_GetTick                              0x08001771   Thumb Code     6  stm32f1xx_hal.o(i.HAL_GetTick)
    HAL_IncTick                              0x0800177d   Thumb Code    12  stm32f1xx_hal.o(i.HAL_IncTick)
    HAL_Init                                 0x0800178d   Thumb Code    34  stm32f1xx_hal.o(i.HAL_Init)
    HAL_InitTick                             0x080017b5   Thumb Code    36  stm32f1xx_hal.o(i.HAL_InitTick)
    HAL_MspInit                              0x080017d9   Thumb Code    94  stm32f1xx_hal_msp.o(i.HAL_MspInit)
    HAL_NVIC_ClearPendingIRQ                 0x0800183d   Thumb Code    22  stm32f1xx_hal_cortex.o(i.HAL_NVIC_ClearPendingIRQ)
    HAL_NVIC_DisableIRQ                      0x08001859   Thumb Code    22  stm32f1xx_hal_cortex.o(i.HAL_NVIC_DisableIRQ)
    HAL_NVIC_EnableIRQ                       0x08001875   Thumb Code    26  stm32f1xx_hal_cortex.o(i.HAL_NVIC_EnableIRQ)
    HAL_NVIC_SetPriority                     0x0800188f   Thumb Code   124  stm32f1xx_hal_cortex.o(i.HAL_NVIC_SetPriority)
    HAL_NVIC_SetPriorityGrouping             0x0800190d   Thumb Code    32  stm32f1xx_hal_cortex.o(i.HAL_NVIC_SetPriorityGrouping)
    HAL_RCCEx_GetPeriphCLKFreq               0x08001935   Thumb Code   296  stm32f1xx_hal_rcc_ex.o(i.HAL_RCCEx_GetPeriphCLKFreq)
    HAL_RCCEx_PeriphCLKConfig                0x08001a7d   Thumb Code   360  stm32f1xx_hal_rcc_ex.o(i.HAL_RCCEx_PeriphCLKConfig)
    HAL_RCC_ClockConfig                      0x08001bf1   Thumb Code  1072  stm32f1xx_hal_rcc.o(i.HAL_RCC_ClockConfig)
    HAL_RCC_GetHCLKFreq                      0x08002025   Thumb Code    42  stm32f1xx_hal_rcc.o(i.HAL_RCC_GetHCLKFreq)
    HAL_RCC_GetPCLK1Freq                     0x0800205d   Thumb Code    36  stm32f1xx_hal_rcc.o(i.HAL_RCC_GetPCLK1Freq)
    HAL_RCC_GetPCLK2Freq                     0x08002089   Thumb Code    36  stm32f1xx_hal_rcc.o(i.HAL_RCC_GetPCLK2Freq)
    HAL_RCC_GetSysClockFreq                  0x080020b5   Thumb Code   146  stm32f1xx_hal_rcc.o(i.HAL_RCC_GetSysClockFreq)
    HAL_RCC_OscConfig                        0x08002169   Thumb Code  2432  stm32f1xx_hal_rcc.o(i.HAL_RCC_OscConfig)
    HAL_SYSTICK_Callback                     0x08002af1   Thumb Code     2  stm32f1xx_hal_cortex.o(i.HAL_SYSTICK_Callback)
    HAL_SYSTICK_Config                       0x08002af3   Thumb Code    52  stm32f1xx_hal_cortex.o(i.HAL_SYSTICK_Config)
    HAL_SYSTICK_IRQHandler                   0x08002b27   Thumb Code     8  stm32f1xx_hal_cortex.o(i.HAL_SYSTICK_IRQHandler)
    HAL_UART_Init                            0x08002b2f   Thumb Code   110  stm32f1xx_hal_uart.o(i.HAL_UART_Init)
    HAL_UART_MspInit                         0x08002b9d   Thumb Code     2  stm32f1xx_hal_uart.o(i.HAL_UART_MspInit)
    HardFault_Handler                        0x08002b9f   Thumb Code     4  stm32f1xx_it.o(i.HardFault_Handler)
    MemManage_Handler                        0x08002ba3   Thumb Code     4  stm32f1xx_it.o(i.MemManage_Handler)
    NMI_Handler                              0x08002ba7   Thumb Code     2  stm32f1xx_it.o(i.NMI_Handler)
    SysTick_Handler                          0x08002be1   Thumb Code    12  stm32f1xx_it.o(i.SysTick_Handler)
    SystemClock_Config                       0x08002bed   Thumb Code    94  main.o(i.SystemClock_Config)
    SystemInit                               0x08002c4d   Thumb Code    70  system_stm32f1xx.o(i.SystemInit)
    USART1_IRQHandler                        0x08002dcd   Thumb Code    36  usart.o(i.USART1_IRQHandler)
    USART1_InitPins                          0x08002df9   Thumb Code    64  usart.o(i.USART1_InitPins)
    USART2_IRQHandler                        0x08002e39   Thumb Code    36  usart.o(i.USART2_IRQHandler)
    USART2_InitPins                          0x08002e65   Thumb Code    46  usart.o(i.USART2_InitPins)
    USART3_IRQHandler                        0x08002e95   Thumb Code    36  usart.o(i.USART3_IRQHandler)
    USART3_InitPins                          0x08002ec1   Thumb Code    66  usart.o(i.USART3_InitPins)
    USART_Init                               0x08003115   Thumb Code   100  usart.o(i.USART_Init)
    USART_Puts                               0x08003185   Thumb Code    40  usart.o(i.USART_Puts)
    UsageFault_Handler                       0x080031ad   Thumb Code     4  stm32f1xx_it.o(i.UsageFault_Handler)
    delay                                    0x080031b1   Thumb Code    32  sys.o(i.delay)
    digitalWrite                             0x080031d1   Thumb Code    36  sys.o(i.digitalWrite)
    fputc                                    0x080031f9   Thumb Code    56  usart.o(i.fputc)
    main                                     0x08003235   Thumb Code   120  main.o(i.main)
    millis                                   0x080032d1   Thumb Code     8  sys.o(i.millis)
    pinMode                                  0x080032d9   Thumb Code   370  sys.o(i.pinMode)
    yield                                    0x08003461   Thumb Code     2  sys.o(i.yield)
    __aeabi_d2f                              0x08003465   Thumb Code     0  d2f.o(x$fpl$d2f)
    _d2f                                     0x08003465   Thumb Code    98  d2f.o(x$fpl$d2f)
    __aeabi_dmul                             0x080034c9   Thumb Code     0  dmul.o(x$fpl$dmul)
    _dmul                                    0x080034c9   Thumb Code   332  dmul.o(x$fpl$dmul)
    __fpl_dnaninf                            0x0800361d   Thumb Code   156  dnaninf.o(x$fpl$dnaninf)
    __fpl_dretinf                            0x080036b9   Thumb Code    12  dretinf.o(x$fpl$dretinf)
    __aeabi_f2d                              0x080036c5   Thumb Code     0  f2d.o(x$fpl$f2d)
    _f2d                                     0x080036c5   Thumb Code    86  f2d.o(x$fpl$f2d)
    __aeabi_ui2f                             0x0800371d   Thumb Code     0  fflt_clz.o(x$fpl$ffltu)
    _ffltu                                   0x0800371d   Thumb Code    38  fflt_clz.o(x$fpl$ffltu)
    __fpl_fnaninf                            0x08003743   Thumb Code   140  fnaninf.o(x$fpl$fnaninf)
    __fpl_fretinf                            0x080037cf   Thumb Code    10  fretinf.o(x$fpl$fretinf)
    __I$use$fp                               0x080037d8   Number         0  usenofp.o(x$fpl$usenofp)
    aAPBAHBPrescTable                        0x080037d8   Data          16  stm32f1xx_hal_rcc.o(.constdata)
    g_APinDescription                        0x080037e8   Data        1920  sys.o(.constdata)
    Region$$Table$$Base                      0x08003f68   Number         0  anon$$obj.o(Region$$Table)
    Region$$Table$$Limit                     0x08003f88   Number         0  anon$$obj.o(Region$$Table)
    USART1x                                  0x20000004   Data          12  usart.o(.data)
    USART2x                                  0x20000010   Data          12  usart.o(.data)
    USART3x                                  0x2000001c   Data          12  usart.o(.data)
    __stdout                                 0x20000028   Data           4  usart.o(.data)
    serial_available_1                       0x2000002c   Data           1  main.o(.data)
    i                                        0x20000030   Data           4  main.o(.data)
    adcx                                     0x20000034   Data           2  main.o(.data)
    temp                                     0x20000038   Data           4  main.o(.data)
    SystemCoreClock                          0x2000003c   Data           4  system_stm32f1xx.o(.data)
    ADC                                      0x20000040   Data          48  adc.o(.bss)
    USART1_Buffer                            0x20000070   Data          32  usart.o(.bss)
    USART2_Buffer                            0x20000090   Data          32  usart.o(.bss)
    USART3_Buffer                            0x200000b0   Data          32  usart.o(.bss)
    uartdma                                  0x20000110   Data          64  usart.o(.bss)
    hdma_usart1_rx                           0x20000150   Data          56  usart.o(.bss)
    __libspace_start                         0x20000188   Data          96  libspace.o(.bss)
    __temporary_stack_top$libspace           0x200001e8   Data           0  libspace.o(.bss)



==============================================================================

Memory Map of the image

  Image Entry point : 0x08000131

  Load Region LR_IROM1 (Base: 0x08000000, Size: 0x00003fc8, Max: 0x00010000, ABSOLUTE)

    Execution Region ER_IROM1 (Exec base: 0x08000000, Load base: 0x08000000, Size: 0x00003f88, Max: 0x00010000, ABSOLUTE)

    Exec Addr    Load Addr    Size         Type   Attr      Idx    E Section Name        Object

    0x08000000   0x08000000   0x00000130   Data   RO            3    RESET               startup_stm32f103xg.o
    0x08000130   0x08000130   0x00000008   Code   RO         2199  * !!!main             c_w.l(__main.o)
    0x08000138   0x08000138   0x00000034   Code   RO         2390    !!!scatter          c_w.l(__scatter.o)
    0x0800016c   0x0800016c   0x0000001a   Code   RO         2392    !!handler_copy      c_w.l(__scatter_copy.o)
    0x08000186   0x08000186   0x00000002   PAD
    0x08000188   0x08000188   0x0000001c   Code   RO         2394    !!handler_zi        c_w.l(__scatter_zi.o)
    0x080001a4   0x080001a4   0x00000000   Code   RO         2196    .ARM.Collect$$_printf_percent$$00000000  c_w.l(_printf_percent.o)
    0x080001a4   0x080001a4   0x00000006   Code   RO         2195    .ARM.Collect$$_printf_percent$$00000009  c_w.l(_printf_d.o)
    0x080001aa   0x080001aa   0x00000004   Code   RO         2218    .ARM.Collect$$_printf_percent$$00000017  c_w.l(_printf_percent_end.o)
    0x080001ae   0x080001ae   0x00000002   Code   RO         2260    .ARM.Collect$$libinit$$00000000  c_w.l(libinit.o)
    0x080001b0   0x080001b0   0x00000000   Code   RO         2267    .ARM.Collect$$libinit$$00000002  c_w.l(libinit2.o)
    0x080001b0   0x080001b0   0x00000000   Code   RO         2269    .ARM.Collect$$libinit$$00000004  c_w.l(libinit2.o)
    0x080001b0   0x080001b0   0x00000000   Code   RO         2272    .ARM.Collect$$libinit$$0000000A  c_w.l(libinit2.o)
    0x080001b0   0x080001b0   0x00000000   Code   RO         2274    .ARM.Collect$$libinit$$0000000C  c_w.l(libinit2.o)
    0x080001b0   0x080001b0   0x00000000   Code   RO         2276    .ARM.Collect$$libinit$$0000000E  c_w.l(libinit2.o)
    0x080001b0   0x080001b0   0x00000000   Code   RO         2279    .ARM.Collect$$libinit$$00000011  c_w.l(libinit2.o)
    0x080001b0   0x080001b0   0x00000000   Code   RO         2281    .ARM.Collect$$libinit$$00000013  c_w.l(libinit2.o)
    0x080001b0   0x080001b0   0x00000000   Code   RO         2283    .ARM.Collect$$libinit$$00000015  c_w.l(libinit2.o)
    0x080001b0   0x080001b0   0x00000000   Code   RO         2285    .ARM.Collect$$libinit$$00000017  c_w.l(libinit2.o)
    0x080001b0   0x080001b0   0x00000000   Code   RO         2287    .ARM.Collect$$libinit$$00000019  c_w.l(libinit2.o)
    0x080001b0   0x080001b0   0x00000000   Code   RO         2289    .ARM.Collect$$libinit$$0000001B  c_w.l(libinit2.o)
    0x080001b0   0x080001b0   0x00000000   Code   RO         2291    .ARM.Collect$$libinit$$0000001D  c_w.l(libinit2.o)
    0x080001b0   0x080001b0   0x00000000   Code   RO         2293    .ARM.Collect$$libinit$$0000001F  c_w.l(libinit2.o)
    0x080001b0   0x080001b0   0x00000000   Code   RO         2295    .ARM.Collect$$libinit$$00000021  c_w.l(libinit2.o)
    0x080001b0   0x080001b0   0x00000000   Code   RO         2297    .ARM.Collect$$libinit$$00000023  c_w.l(libinit2.o)
    0x080001b0   0x080001b0   0x00000000   Code   RO         2299    .ARM.Collect$$libinit$$00000025  c_w.l(libinit2.o)
    0x080001b0   0x080001b0   0x00000000   Code   RO         2303    .ARM.Collect$$libinit$$0000002C  c_w.l(libinit2.o)
    0x080001b0   0x080001b0   0x00000000   Code   RO         2305    .ARM.Collect$$libinit$$0000002E  c_w.l(libinit2.o)
    0x080001b0   0x080001b0   0x00000000   Code   RO         2307    .ARM.Collect$$libinit$$00000030  c_w.l(libinit2.o)
    0x080001b0   0x080001b0   0x00000000   Code   RO         2309    .ARM.Collect$$libinit$$00000032  c_w.l(libinit2.o)
    0x080001b0   0x080001b0   0x00000002   Code   RO         2310    .ARM.Collect$$libinit$$00000033  c_w.l(libinit2.o)
    0x080001b2   0x080001b2   0x00000002   Code   RO         2330    .ARM.Collect$$libshutdown$$00000000  c_w.l(libshutdown.o)
    0x080001b4   0x080001b4   0x00000000   Code   RO         2343    .ARM.Collect$$libshutdown$$00000002  c_w.l(libshutdown2.o)
    0x080001b4   0x080001b4   0x00000000   Code   RO         2345    .ARM.Collect$$libshutdown$$00000004  c_w.l(libshutdown2.o)
    0x080001b4   0x080001b4   0x00000000   Code   RO         2348    .ARM.Collect$$libshutdown$$00000007  c_w.l(libshutdown2.o)
    0x080001b4   0x080001b4   0x00000000   Code   RO         2351    .ARM.Collect$$libshutdown$$0000000A  c_w.l(libshutdown2.o)
    0x080001b4   0x080001b4   0x00000000   Code   RO         2353    .ARM.Collect$$libshutdown$$0000000C  c_w.l(libshutdown2.o)
    0x080001b4   0x080001b4   0x00000000   Code   RO         2356    .ARM.Collect$$libshutdown$$0000000F  c_w.l(libshutdown2.o)
    0x080001b4   0x080001b4   0x00000002   Code   RO         2357    .ARM.Collect$$libshutdown$$00000010  c_w.l(libshutdown2.o)
    0x080001b6   0x080001b6   0x00000000   Code   RO         2213    .ARM.Collect$$rtentry$$00000000  c_w.l(__rtentry.o)
    0x080001b6   0x080001b6   0x00000000   Code   RO         2229    .ARM.Collect$$rtentry$$00000002  c_w.l(__rtentry2.o)
    0x080001b6   0x080001b6   0x00000006   Code   RO         2241    .ARM.Collect$$rtentry$$00000004  c_w.l(__rtentry4.o)
    0x080001bc   0x080001bc   0x00000000   Code   RO         2231    .ARM.Collect$$rtentry$$00000009  c_w.l(__rtentry2.o)
    0x080001bc   0x080001bc   0x00000004   Code   RO         2232    .ARM.Collect$$rtentry$$0000000A  c_w.l(__rtentry2.o)
    0x080001c0   0x080001c0   0x00000000   Code   RO         2234    .ARM.Collect$$rtentry$$0000000C  c_w.l(__rtentry2.o)
    0x080001c0   0x080001c0   0x00000008   Code   RO         2235    .ARM.Collect$$rtentry$$0000000D  c_w.l(__rtentry2.o)
    0x080001c8   0x080001c8   0x00000002   Code   RO         2264    .ARM.Collect$$rtexit$$00000000  c_w.l(rtexit.o)
    0x080001ca   0x080001ca   0x00000000   Code   RO         2312    .ARM.Collect$$rtexit$$00000002  c_w.l(rtexit2.o)
    0x080001ca   0x080001ca   0x00000004   Code   RO         2313    .ARM.Collect$$rtexit$$00000003  c_w.l(rtexit2.o)
    0x080001ce   0x080001ce   0x00000006   Code   RO         2314    .ARM.Collect$$rtexit$$00000004  c_w.l(rtexit2.o)
    0x080001d4   0x080001d4   0x00000040   Code   RO            4    .text               startup_stm32f103xg.o
    0x08000214   0x08000214   0x00000018   Code   RO         2169    .text               c_w.l(noretval__2printf.o)
    0x0800022c   0x0800022c   0x00000068   Code   RO         2171    .text               c_w.l(__printf.o)
    0x08000294   0x08000294   0x00000078   Code   RO         2173    .text               c_w.l(_printf_dec.o)
    0x0800030c   0x0800030c   0x00000006   Code   RO         2197    .text               c_w.l(heapauxi.o)
    0x08000312   0x08000312   0x000000b2   Code   RO         2214    .text               c_w.l(_printf_intcommon.o)
    0x080003c4   0x080003c4   0x00000024   Code   RO         2216    .text               c_w.l(_printf_char_file.o)
    0x080003e8   0x080003e8   0x00000030   Code   RO         2243    .text               c_w.l(_printf_char_common.o)
    0x08000418   0x08000418   0x00000008   Code   RO         2245    .text               c_w.l(ferror.o)
    0x08000420   0x08000420   0x0000004a   Code   RO         2249    .text               c_w.l(sys_stackheap_outer.o)
    0x0800046a   0x0800046a   0x00000012   Code   RO         2253    .text               c_w.l(exit.o)
    0x0800047c   0x0800047c   0x00000008   Code   RO         2261    .text               c_w.l(libspace.o)
    0x08000484   0x08000484   0x0000000c   Code   RO         2322    .text               c_w.l(sys_exit.o)
    0x08000490   0x08000490   0x00000002   Code   RO         2333    .text               c_w.l(use_no_semi.o)
    0x08000492   0x08000492   0x00000000   Code   RO         2335    .text               c_w.l(indicate_semi.o)
    0x08000492   0x08000492   0x00000052   Code   RO         1220    i.ADC_ConversionStop_Disable  stm32f1xx_hal_adc.o
    0x080004e4   0x080004e4   0x00000084   Code   RO         1224    i.ADC_Enable        stm32f1xx_hal_adc.o
    0x08000568   0x08000568   0x00000014   Code   RO         1540    i.ADC_INT_Channel_0_Init  adc.o
    0x0800057c   0x0800057c   0x00000014   Code   RO         1541    i.ADC_INT_Channel_10_Init  adc.o
    0x08000590   0x08000590   0x00000014   Code   RO         1542    i.ADC_INT_Channel_11_Init  adc.o
    0x080005a4   0x080005a4   0x00000014   Code   RO         1543    i.ADC_INT_Channel_12_Init  adc.o
    0x080005b8   0x080005b8   0x00000014   Code   RO         1544    i.ADC_INT_Channel_13_Init  adc.o
    0x080005cc   0x080005cc   0x00000028   Code   RO         1545    i.ADC_INT_Channel_14_Init  adc.o
    0x080005f4   0x080005f4   0x00000028   Code   RO         1546    i.ADC_INT_Channel_15_Init  adc.o
    0x0800061c   0x0800061c   0x00000014   Code   RO         1547    i.ADC_INT_Channel_1_Init  adc.o
    0x08000630   0x08000630   0x00000014   Code   RO         1548    i.ADC_INT_Channel_2_Init  adc.o
    0x08000644   0x08000644   0x00000014   Code   RO         1549    i.ADC_INT_Channel_3_Init  adc.o
    0x08000658   0x08000658   0x00000028   Code   RO         1550    i.ADC_INT_Channel_4_Init  adc.o
    0x08000680   0x08000680   0x00000028   Code   RO         1551    i.ADC_INT_Channel_5_Init  adc.o
    0x080006a8   0x080006a8   0x00000028   Code   RO         1552    i.ADC_INT_Channel_6_Init  adc.o
    0x080006d0   0x080006d0   0x00000028   Code   RO         1553    i.ADC_INT_Channel_7_Init  adc.o
    0x080006f8   0x080006f8   0x00000028   Code   RO         1554    i.ADC_INT_Channel_8_Init  adc.o
    0x08000720   0x08000720   0x00000028   Code   RO         1555    i.ADC_INT_Channel_9_Init  adc.o
    0x08000748   0x08000748   0x000000b8   Code   RO         1556    i.ADC_INT_InitPin   adc.o
    0x08000800   0x08000800   0x00000048   Code   RO         1558    i.ADC_Read          adc.o
    0x08000848   0x08000848   0x00000164   Code   RO         1560    i.Adc_Init          adc.o
    0x080009ac   0x080009ac   0x00000004   Code   RO         2066    i.BusFault_Handler  stm32f1xx_it.o
    0x080009b0   0x080009b0   0x00000010   Code   RO         1782    i.DMA1_Channel1_IRQHandler  usart.o
    0x080009c0   0x080009c0   0x00000004   Code   RO         2067    i.DebugMon_Handler  stm32f1xx_it.o
    0x080009c4   0x080009c4   0x0000003c   Code   RO         1496    i.EXTI0_IRQHandler  exti.o
    0x08000a00   0x08000a00   0x00000032   Code   RO         1561    i.Get_Adc_Average   adc.o
    0x08000a32   0x08000a32   0x00000002   PAD
    0x08000a34   0x08000a34   0x00000104   Code   RO         1400    i.HAL_ADCEx_Calibration_Start  stm32f1xx_hal_adc_ex.o
    0x08000b38   0x08000b38   0x000001c4   Code   RO         1226    i.HAL_ADC_ConfigChannel  stm32f1xx_hal_adc.o
    0x08000cfc   0x08000cfc   0x00000008   Code   RO         1233    i.HAL_ADC_GetValue  stm32f1xx_hal_adc.o
    0x08000d04   0x08000d04   0x00000164   Code   RO         1235    i.HAL_ADC_Init      stm32f1xx_hal_adc.o
    0x08000e68   0x08000e68   0x00000002   Code   RO         1238    i.HAL_ADC_MspInit   stm32f1xx_hal_adc.o
    0x08000e6a   0x08000e6a   0x00000002   PAD
    0x08000e6c   0x08000e6c   0x00000170   Code   RO         1239    i.HAL_ADC_PollForConversion  stm32f1xx_hal_adc.o
    0x08000fdc   0x08000fdc   0x00000130   Code   RO         1241    i.HAL_ADC_Start     stm32f1xx_hal_adc.o
    0x0800110c   0x0800110c   0x00000310   Code   RO          906    i.HAL_DMA_IRQHandler  stm32f1xx_hal_dma.o
    0x0800141c   0x0800141c   0x0000001a   Code   RO           20    i.HAL_Delay         stm32f1xx_hal.o
    0x08001436   0x08001436   0x00000002   Code   RO          570    i.HAL_GPIO_EXTI_Callback  stm32f1xx_hal_gpio.o
    0x08001438   0x08001438   0x0000031c   Code   RO          572    i.HAL_GPIO_Init     stm32f1xx_hal_gpio.o
    0x08001754   0x08001754   0x00000010   Code   RO          574    i.HAL_GPIO_ReadPin  stm32f1xx_hal_gpio.o
    0x08001764   0x08001764   0x0000000c   Code   RO          576    i.HAL_GPIO_WritePin  stm32f1xx_hal_gpio.o
    0x08001770   0x08001770   0x0000000c   Code   RO           24    i.HAL_GetTick       stm32f1xx_hal.o
    0x0800177c   0x0800177c   0x00000010   Code   RO           25    i.HAL_IncTick       stm32f1xx_hal.o
    0x0800178c   0x0800178c   0x00000028   Code   RO           26    i.HAL_Init          stm32f1xx_hal.o
    0x080017b4   0x080017b4   0x00000024   Code   RO           27    i.HAL_InitTick      stm32f1xx_hal.o
    0x080017d8   0x080017d8   0x00000064   Code   RO         2042    i.HAL_MspInit       stm32f1xx_hal_msp.o
    0x0800183c   0x0800183c   0x0000001c   Code   RO          238    i.HAL_NVIC_ClearPendingIRQ  stm32f1xx_hal_cortex.o
    0x08001858   0x08001858   0x0000001c   Code   RO          239    i.HAL_NVIC_DisableIRQ  stm32f1xx_hal_cortex.o
    0x08001874   0x08001874   0x0000001a   Code   RO          240    i.HAL_NVIC_EnableIRQ  stm32f1xx_hal_cortex.o
    0x0800188e   0x0800188e   0x0000007c   Code   RO          246    i.HAL_NVIC_SetPriority  stm32f1xx_hal_cortex.o
    0x0800190a   0x0800190a   0x00000002   PAD
    0x0800190c   0x0800190c   0x00000028   Code   RO          247    i.HAL_NVIC_SetPriorityGrouping  stm32f1xx_hal_cortex.o
    0x08001934   0x08001934   0x00000148   Code   RO          866    i.HAL_RCCEx_GetPeriphCLKFreq  stm32f1xx_hal_rcc_ex.o
    0x08001a7c   0x08001a7c   0x00000174   Code   RO          867    i.HAL_RCCEx_PeriphCLKConfig  stm32f1xx_hal_rcc_ex.o
    0x08001bf0   0x08001bf0   0x00000434   Code   RO          761    i.HAL_RCC_ClockConfig  stm32f1xx_hal_rcc.o
    0x08002024   0x08002024   0x00000038   Code   RO          766    i.HAL_RCC_GetHCLKFreq  stm32f1xx_hal_rcc.o
    0x0800205c   0x0800205c   0x0000002c   Code   RO          768    i.HAL_RCC_GetPCLK1Freq  stm32f1xx_hal_rcc.o
    0x08002088   0x08002088   0x0000002c   Code   RO          769    i.HAL_RCC_GetPCLK2Freq  stm32f1xx_hal_rcc.o
    0x080020b4   0x080020b4   0x000000b4   Code   RO          770    i.HAL_RCC_GetSysClockFreq  stm32f1xx_hal_rcc.o
    0x08002168   0x08002168   0x00000988   Code   RO          773    i.HAL_RCC_OscConfig  stm32f1xx_hal_rcc.o
    0x08002af0   0x08002af0   0x00000002   Code   RO          250    i.HAL_SYSTICK_Callback  stm32f1xx_hal_cortex.o
    0x08002af2   0x08002af2   0x00000034   Code   RO          251    i.HAL_SYSTICK_Config  stm32f1xx_hal_cortex.o
    0x08002b26   0x08002b26   0x00000008   Code   RO          252    i.HAL_SYSTICK_IRQHandler  stm32f1xx_hal_cortex.o
    0x08002b2e   0x08002b2e   0x0000006e   Code   RO          994    i.HAL_UART_Init     stm32f1xx_hal_uart.o
    0x08002b9c   0x08002b9c   0x00000002   Code   RO          996    i.HAL_UART_MspInit  stm32f1xx_hal_uart.o
    0x08002b9e   0x08002b9e   0x00000004   Code   RO         2068    i.HardFault_Handler  stm32f1xx_it.o
    0x08002ba2   0x08002ba2   0x00000004   Code   RO         2069    i.MemManage_Handler  stm32f1xx_it.o
    0x08002ba6   0x08002ba6   0x00000002   Code   RO         2070    i.NMI_Handler       stm32f1xx_it.o
    0x08002ba8   0x08002ba8   0x00000010   Code   RO          253    i.NVIC_GetPriorityGrouping  stm32f1xx_hal_cortex.o
    0x08002bb8   0x08002bb8   0x00000028   Code   RO          254    i.NVIC_SetPriority  stm32f1xx_hal_cortex.o
    0x08002be0   0x08002be0   0x0000000c   Code   RO         2071    i.SysTick_Handler   stm32f1xx_it.o
    0x08002bec   0x08002bec   0x0000005e   Code   RO         1999    i.SystemClock_Config  main.o
    0x08002c4a   0x08002c4a   0x00000002   PAD
    0x08002c4c   0x08002c4c   0x00000058   Code   RO         2130    i.SystemInit        system_stm32f1xx.o
    0x08002ca4   0x08002ca4   0x00000128   Code   RO         1014    i.UART_SetConfig    stm32f1xx_hal_uart.o
    0x08002dcc   0x08002dcc   0x0000002c   Code   RO         1788    i.USART1_IRQHandler  usart.o
    0x08002df8   0x08002df8   0x00000040   Code   RO         1789    i.USART1_InitPins   usart.o
    0x08002e38   0x08002e38   0x0000002c   Code   RO         1791    i.USART2_IRQHandler  usart.o
    0x08002e64   0x08002e64   0x0000002e   Code   RO         1792    i.USART2_InitPins   usart.o
    0x08002e92   0x08002e92   0x00000002   PAD
    0x08002e94   0x08002e94   0x0000002c   Code   RO         1794    i.USART3_IRQHandler  usart.o
    0x08002ec0   0x08002ec0   0x00000042   Code   RO         1795    i.USART3_InitPins   usart.o
    0x08002f02   0x08002f02   0x00000002   PAD
    0x08002f04   0x08002f04   0x00000084   Code   RO         1804    i.USART_INT_ClearAllFlags  usart.o
    0x08002f88   0x08002f88   0x00000028   Code   RO         1805    i.USART_INT_GetSubPriority  usart.o
    0x08002fb0   0x08002fb0   0x00000138   Code   RO         1807    i.USART_INT_Init    usart.o
    0x080030e8   0x080030e8   0x0000002c   Code   RO         1808    i.USART_INT_InsertToBuffer  usart.o
    0x08003114   0x08003114   0x00000070   Code   RO         1809    i.USART_Init        usart.o
    0x08003184   0x08003184   0x00000028   Code   RO         1811    i.USART_Puts        usart.o
    0x080031ac   0x080031ac   0x00000004   Code   RO         2072    i.UsageFault_Handler  stm32f1xx_it.o
    0x080031b0   0x080031b0   0x00000020   Code   RO         1708    i.delay             sys.o
    0x080031d0   0x080031d0   0x00000028   Code   RO         1711    i.digitalWrite      sys.o
    0x080031f8   0x080031f8   0x0000003c   Code   RO         1813    i.fputc             usart.o
    0x08003234   0x08003234   0x0000009c   Code   RO         2000    i.main              main.o
    0x080032d0   0x080032d0   0x00000008   Code   RO         1713    i.millis            sys.o
    0x080032d8   0x080032d8   0x00000188   Code   RO         1714    i.pinMode           sys.o
    0x08003460   0x08003460   0x00000002   Code   RO         1715    i.yield             sys.o
    0x08003462   0x08003462   0x00000002   PAD
    0x08003464   0x08003464   0x00000062   Code   RO         2201    x$fpl$d2f           fz_ws.l(d2f.o)
    0x080034c6   0x080034c6   0x00000002   PAD
    0x080034c8   0x080034c8   0x00000154   Code   RO         2203    x$fpl$dmul          fz_ws.l(dmul.o)
    0x0800361c   0x0800361c   0x0000009c   Code   RO         2219    x$fpl$dnaninf       fz_ws.l(dnaninf.o)
    0x080036b8   0x080036b8   0x0000000c   Code   RO         2221    x$fpl$dretinf       fz_ws.l(dretinf.o)
    0x080036c4   0x080036c4   0x00000056   Code   RO         2205    x$fpl$f2d           fz_ws.l(f2d.o)
    0x0800371a   0x0800371a   0x00000002   PAD
    0x0800371c   0x0800371c   0x00000026   Code   RO         2207    x$fpl$ffltu         fz_ws.l(fflt_clz.o)
    0x08003742   0x08003742   0x0000008c   Code   RO         2223    x$fpl$fnaninf       fz_ws.l(fnaninf.o)
    0x080037ce   0x080037ce   0x0000000a   Code   RO         2225    x$fpl$fretinf       fz_ws.l(fretinf.o)
    0x080037d8   0x080037d8   0x00000000   Code   RO         2227    x$fpl$usenofp       fz_ws.l(usenofp.o)
    0x080037d8   0x080037d8   0x00000010   Data   RO          774    .constdata          stm32f1xx_hal_rcc.o
    0x080037e8   0x080037e8   0x00000780   Data   RO         1716    .constdata          sys.o
    0x08003f68   0x08003f68   0x00000020   Data   RO         2388    Region$$Table       anon$$obj.o


    Execution Region RW_IRAM1 (Exec base: 0x20000000, Load base: 0x08003f88, Size: 0x000007e8, Max: 0x00005000, ABSOLUTE)

    Exec Addr    Load Addr    Size         Type   Attr      Idx    E Section Name        Object

    0x20000000   0x08003f88   0x00000004   Data   RW           32    .data               stm32f1xx_hal.o
    0x20000004   0x08003f8c   0x00000028   Data   RW         1815    .data               usart.o
    0x2000002c   0x08003fb4   0x00000010   Data   RW         2002    .data               main.o
    0x2000003c   0x08003fc4   0x00000004   Data   RW         2132    .data               system_stm32f1xx.o
    0x20000040        -       0x00000030   Zero   RW         1562    .bss                adc.o
    0x20000070        -       0x00000118   Zero   RW         1814    .bss                usart.o
    0x20000188        -       0x00000060   Zero   RW         2262    .bss                c_w.l(libspace.o)
    0x200001e8        -       0x00000200   Zero   RW            2    HEAP                startup_stm32f103xg.o
    0x200003e8        -       0x00000400   Zero   RW            1    STACK               startup_stm32f103xg.o


==============================================================================

Image component sizes


      Code (inc. data)   RO Data    RW Data    ZI Data      Debug   Object Name

      1142        206          0          0         48      11402   adc.o
        60         14          0          0          0       3855   exti.o
       250         36          0         16          0       1768   main.o
        64         26        304          0       1536        900   startup_stm32f103xg.o
       130         16          0          4          0     251586   stm32f1xx_hal.o
      1704         62          0          0          0       6638   stm32f1xx_hal_adc.o
       260          4          0          0          0       1434   stm32f1xx_hal_adc_ex.o
       364         34          0          0          0      28252   stm32f1xx_hal_cortex.o
       784          4          0          0          0       1373   stm32f1xx_hal_dma.o
       826         32          0          0          0       3880   stm32f1xx_hal_gpio.o
       100          6          0          0          0        774   stm32f1xx_hal_msp.o
      3840        108         16          0          0       6016   stm32f1xx_hal_rcc.o
       700         44          0          0          0       2253   stm32f1xx_hal_rcc_ex.o
       408          6          0          0          0       2123   stm32f1xx_hal_uart.o
        34          0          0          0          0       2791   stm32f1xx_it.o
       474         26       1920          0          0       3432   sys.o
        88         18          0          4          0       1017   system_stm32f1xx.o
      1064         80          0         40        280      14182   usart.o

    ----------------------------------------------------------------------
     12306        722       2272         64       1864     343676   Object Totals
         0          0         32          0          0          0   (incl. Generated)
        14          0          0          0          0          0   (incl. Padding)

    ----------------------------------------------------------------------

      Code (inc. data)   RO Data    RW Data    ZI Data      Debug   Library Member Name

         8          0          0          0          0         68   __main.o
       104          0          0          0          0         84   __printf.o
         0          0          0          0          0          0   __rtentry.o
        12          0          0          0          0          0   __rtentry2.o
         6          0          0          0          0          0   __rtentry4.o
        52          8          0          0          0          0   __scatter.o
        26          0          0          0          0          0   __scatter_copy.o
        28          0          0          0          0          0   __scatter_zi.o
        48          6          0          0          0         96   _printf_char_common.o
        36          4          0          0          0         80   _printf_char_file.o
         6          0          0          0          0          0   _printf_d.o
       120         16          0          0          0         92   _printf_dec.o
       178          0          0          0          0         88   _printf_intcommon.o
         0          0          0          0          0          0   _printf_percent.o
         4          0          0          0          0          0   _printf_percent_end.o
        18          0          0          0          0         80   exit.o
         8          0          0          0          0         68   ferror.o
         6          0          0          0          0        152   heapauxi.o
         0          0          0          0          0          0   indicate_semi.o
         2          0          0          0          0          0   libinit.o
         2          0          0          0          0          0   libinit2.o
         2          0          0          0          0          0   libshutdown.o
         2          0          0          0          0          0   libshutdown2.o
         8          4          0          0         96         68   libspace.o
        24          4          0          0          0         84   noretval__2printf.o
         2          0          0          0          0          0   rtexit.o
        10          0          0          0          0          0   rtexit2.o
        12          4          0          0          0         68   sys_exit.o
        74          0          0          0          0         80   sys_stackheap_outer.o
         2          0          0          0          0         68   use_no_semi.o
        98          4          0          0          0         92   d2f.o
       340         12          0          0          0        104   dmul.o
       156          4          0          0          0         92   dnaninf.o
        12          0          0          0          0         68   dretinf.o
        86          4          0          0          0         84   f2d.o
        38          0          0          0          0         68   fflt_clz.o
       140          4          0          0          0         84   fnaninf.o
        10          0          0          0          0         68   fretinf.o
         0          0          0          0          0          0   usenofp.o

    ----------------------------------------------------------------------
      1686         74          0          0         96       1836   Library Totals
         6          0          0          0          0          0   (incl. Padding)

    ----------------------------------------------------------------------

      Code (inc. data)   RO Data    RW Data    ZI Data      Debug   Library Name

       800         46          0          0         96       1176   c_w.l
       880         28          0          0          0        660   fz_ws.l

    ----------------------------------------------------------------------
      1686         74          0          0         96       1836   Library Totals

    ----------------------------------------------------------------------

==============================================================================


      Code (inc. data)   RO Data    RW Data    ZI Data      Debug   

     13992        796       2272         64       1960     340048   Grand Totals
     13992        796       2272         64       1960     340048   ELF Image Totals
     13992        796       2272         64          0          0   ROM Totals

==============================================================================

    Total RO  Size (Code + RO Data)                16264 (  15.88kB)
    Total RW  Size (RW Data + ZI Data)              2024 (   1.98kB)
    Total ROM Size (Code + RO Data + RW Data)      16328 (  15.95kB)

==============================================================================

